  Determining projects to restore...
  All projects are up-to-date for restore.
C:\Program Files\dotnet\sdk\10.0.201\Microsoft.Common.CurrentVersion.targets(5951,5): warning MSB3061: Unable to delete file "C:\Users\Ashvin\.gemini\antigravity\scratch\InternshipManagementSystem\bin\Debug\net8.0\InternshipManagementSystem.exe". Access to the path 'C:\Users\Ashvin\.gemini\antigravity\scratch\InternshipManagementSystem\bin\Debug\net8.0\InternshipManagementSystem.exe' is denied. The file is locked by: "InternshipManagementSystem (1908)" [C:\Users\Ashvin\.gemini\antigravity\scratch\InternshipManagementSystem\InternshipManagementSystem.csproj]
C:\Program Files\dotnet\sdk\10.0.201\Microsoft.Common.CurrentVersion.targets(5951,5): warning MSB3061: Unable to delete file "C:\Users\Ashvin\.gemini\antigravity\scratch\InternshipManagementSystem\bin\Debug\net8.0\InternshipManagementSystem.dll". Access to the path 'C:\Users\Ashvin\.gemini\antigravity\scratch\InternshipManagementSystem\bin\Debug\net8.0\InternshipManagementSystem.dll' is denied. The file is locked by: "InternshipManagementSystem (1908)" [C:\Users\Ashvin\.gemini\antigravity\scratch\InternshipManagementSystem\InternshipManagementSystem.csproj]
C:\Program Files\dotnet\sdk\10.0.201\Microsoft.Common.CurrentVersion.targets(5951,5): warning MSB3061: Unable to delete file "C:\Users\Ashvin\.gemini\antigravity\scratch\InternshipManagementSystem\bin\Debug\net8.0\Microsoft.EntityFrameworkCore.dll". Access to the path 'C:\Users\Ashvin\.gemini\antigravity\scratch\InternshipManagementSystem\bin\Debug\net8.0\Microsoft.EntityFrameworkCore.dll' is denied. The file is locked by: "InternshipManagementSystem (1908)" [C:\Users\Ashvin\.gemini\antigravity\scratch\InternshipManagementSystem\InternshipManagementSystem.csproj]
C:\Program Files\dotnet\sdk\10.0.201\Microsoft.Common.CurrentVersion.targets(5951,5): warning MSB3061: Unable to delete file "C:\Users\Ashvin\.gemini\antigravity\scratch\InternshipManagementSystem\bin\Debug\net8.0\Microsoft.EntityFrameworkCore.Abstractions.dll". Access to the path 'C:\Users\Ashvin\.gemini\antigravity\scratch\InternshipManagementSystem\bin\Debug\net8.0\Microsoft.EntityFrameworkCore.Abstractions.dll' is denied. The file is locked by: "InternshipManagementSystem (1908)" [C:\Users\Ashvin\.gemini\antigravity\scratch\InternshipManagementSystem\InternshipManagementSystem.csproj]
C:\Program Files\dotnet\sdk\10.0.201\Microsoft.Common.CurrentVersion.targets(5951,5): warning MSB3061: Unable to delete file "C:\Users\Ashvin\.gemini\antigravity\scratch\InternshipManagementSystem\bin\Debug\net8.0\Microsoft.EntityFrameworkCore.Relational.dll". Access to the path 'C:\Users\Ashvin\.gemini\antigravity\scratch\InternshipManagementSystem\bin\Debug\net8.0\Microsoft.EntityFrameworkCore.Relational.dll' is denied. The file is locked by: "InternshipManagementSystem (1908)" [C:\Users\Ashvin\.gemini\antigravity\scratch\InternshipManagementSystem\InternshipManagementSystem.csproj]
C:\Program Files\dotnet\sdk\10.0.201\Microsoft.Common.CurrentVersion.targets(5951,5): warning MSB3061: Unable to delete file "C:\Users\Ashvin\.gemini\antigravity\scratch\InternshipManagementSystem\bin\Debug\net8.0\Microsoft.EntityFrameworkCore.SqlServer.dll". Access to the path 'C:\Users\Ashvin\.gemini\antigravity\scratch\InternshipManagementSystem\bin\Debug\net8.0\Microsoft.EntityFrameworkCore.SqlServer.dll' is denied. The file is locked by: "InternshipManagementSystem (1908)" [C:\Users\Ashvin\.gemini\antigravity\scratch\InternshipManagementSystem\InternshipManagementSystem.csproj]
C:\Program Files\dotnet\sdk\10.0.201\Microsoft.Common.CurrentVersion.targets(5951,5): warning MSB3061: Unable to delete file "C:\Users\Ashvin\.gemini\antigravity\scratch\InternshipManagementSystem\bin\Debug\net8.0\Microsoft.Identity.Client.dll". Access to the path 'C:\Users\Ashvin\.gemini\antigravity\scratch\InternshipManagementSystem\bin\Debug\net8.0\Microsoft.Identity.Client.dll' is denied. The file is locked by: "InternshipManagementSystem (1908)" [C:\Users\Ashvin\.gemini\antigravity\scratch\InternshipManagementSystem\InternshipManagementSystem.csproj]
C:\Program Files\dotnet\sdk\10.0.201\Microsoft.Common.CurrentVersion.targets(5951,5): warning MSB3061: Unable to delete file "C:\Users\Ashvin\.gemini\antigravity\scratch\InternshipManagementSystem\bin\Debug\net8.0\Microsoft.SqlServer.Server.dll". Access to the path 'C:\Users\Ashvin\.gemini\antigravity\scratch\InternshipManagementSystem\bin\Debug\net8.0\Microsoft.SqlServer.Server.dll' is denied. The file is locked by: "InternshipManagementSystem (1908)" [C:\Users\Ashvin\.gemini\antigravity\scratch\InternshipManagementSystem\InternshipManagementSystem.csproj]
C:\Program Files\dotnet\sdk\10.0.201\Microsoft.Common.CurrentVersion.targets(5951,5): warning MSB3061: Unable to delete file "C:\Users\Ashvin\.gemini\antigravity\scratch\InternshipManagementSystem\bin\Debug\net8.0\System.Configuration.ConfigurationManager.dll". Access to the path 'C:\Users\Ashvin\.gemini\antigravity\scratch\InternshipManagementSystem\bin\Debug\net8.0\System.Configuration.ConfigurationManager.dll' is denied. The file is locked by: "InternshipManagementSystem (1908)" [C:\Users\Ashvin\.gemini\antigravity\scratch\InternshipManagementSystem\InternshipManagementSystem.csproj]
C:\Program Files\dotnet\sdk\10.0.201\Microsoft.Common.CurrentVersion.targets(5951,5): warning MSB3061: Unable to delete file "C:\Users\Ashvin\.gemini\antigravity\scratch\InternshipManagementSystem\bin\Debug\net8.0\runtimes\win\lib\net6.0\Microsoft.Data.SqlClient.dll". Access to the path 'C:\Users\Ashvin\.gemini\antigravity\scratch\InternshipManagementSystem\bin\Debug\net8.0\runtimes\win\lib\net6.0\Microsoft.Data.SqlClient.dll' is denied. The file is locked by: "InternshipManagementSystem (1908)" [C:\Users\Ashvin\.gemini\antigravity\scratch\InternshipManagementSystem\InternshipManagementSystem.csproj]
C:\Program Files\dotnet\sdk\10.0.201\Microsoft.Common.CurrentVersion.targets(5951,5): warning MSB3061: Unable to delete file "C:\Users\Ashvin\.gemini\antigravity\scratch\InternshipManagementSystem\bin\Debug\net8.0\runtimes\win-x64\native\Microsoft.Data.SqlClient.SNI.dll". Access to the path 'C:\Users\Ashvin\.gemini\antigravity\scratch\InternshipManagementSystem\bin\Debug\net8.0\runtimes\win-x64\native\Microsoft.Data.SqlClient.SNI.dll' is denied. The file is locked by: "InternshipManagementSystem (1908)" [C:\Users\Ashvin\.gemini\antigravity\scratch\InternshipManagementSystem\InternshipManagementSystem.csproj]
C:\Users\Ashvin\.gemini\antigravity\scratch\InternshipManagementSystem\ApiControllers\DiariesApiController.cs(22,168): warning CS8625: Cannot convert null literal to non-nullable reference type. [C:\Users\Ashvin\.gemini\antigravity\scratch\InternshipManagementSystem\InternshipManagementSystem.csproj]
C:\Users\Ashvin\.gemini\antigravity\scratch\InternshipManagementSystem\ApiControllers\StudentsApiController.cs(23,148): warning CS8625: Cannot convert null literal to non-nullable reference type. [C:\Users\Ashvin\.gemini\antigravity\scratch\InternshipManagementSystem\InternshipManagementSystem.csproj]
C:\Users\Ashvin\.gemini\antigravity\scratch\InternshipManagementSystem\ApiControllers\TasksApiController.cs(22,166): warning CS8625: Cannot convert null literal to non-nullable reference type. [C:\Users\Ashvin\.gemini\antigravity\scratch\InternshipManagementSystem\InternshipManagementSystem.csproj]
C:\Users\Ashvin\.gemini\antigravity\scratch\InternshipManagementSystem\Models\ApiResponse.cs(14,69): warning CS8601: Possible null reference assignment. [C:\Users\Ashvin\.gemini\antigravity\scratch\InternshipManagementSystem\InternshipManagementSystem.csproj]
C:\Users\Ashvin\.gemini\antigravity\scratch\InternshipManagementSystem\ViewModels\LoginViewModel.cs(9,23): warning CS8618: Non-nullable property 'Email' must contain a non-null value when exiting constructor. Consider adding the 'required' modifier or declaring the property as nullable. [C:\Users\Ashvin\.gemini\antigravity\scratch\InternshipManagementSystem\InternshipManagementSystem.csproj]
C:\Users\Ashvin\.gemini\antigravity\scratch\InternshipManagementSystem\ViewModels\LoginViewModel.cs(13,23): warning CS8618: Non-nullable property 'Password' must contain a non-null value when exiting constructor. Consider adding the 'required' modifier or declaring the property as nullable. [C:\Users\Ashvin\.gemini\antigravity\scratch\InternshipManagementSystem\InternshipManagementSystem.csproj]
C:\Users\Ashvin\.gemini\antigravity\scratch\InternshipManagementSystem\ViewModels\InternshipDetailsViewModel.cs(9,23): warning CS8618: Non-nullable property 'CompanyName' must contain a non-null value when exiting constructor. Consider adding the 'required' modifier or declaring the property as nullable. [C:\Users\Ashvin\.gemini\antigravity\scratch\InternshipManagementSystem\InternshipManagementSystem.csproj]
C:\Users\Ashvin\.gemini\antigravity\scratch\InternshipManagementSystem\ViewModels\InternshipDetailsViewModel.cs(13,23): warning CS8618: Non-nullable property 'Role' must contain a non-null value when exiting constructor. Consider adding the 'required' modifier or declaring the property as nullable. [C:\Users\Ashvin\.gemini\antigravity\scratch\InternshipManagementSystem\InternshipManagementSystem.csproj]
C:\Users\Ashvin\.gemini\antigravity\scratch\InternshipManagementSystem\ViewModels\CreateStudentViewModel.cs(9,23): warning CS8618: Non-nullable property 'Name' must contain a non-null value when exiting constructor. Consider adding the 'required' modifier or declaring the property as nullable. [C:\Users\Ashvin\.gemini\antigravity\scratch\InternshipManagementSystem\InternshipManagementSystem.csproj]
C:\Users\Ashvin\.gemini\antigravity\scratch\InternshipManagementSystem\ViewModels\CreateStudentViewModel.cs(14,23): warning CS8618: Non-nullable property 'Email' must contain a non-null value when exiting constructor. Consider adding the 'required' modifier or declaring the property as nullable. [C:\Users\Ashvin\.gemini\antigravity\scratch\InternshipManagementSystem\InternshipManagementSystem.csproj]
C:\Users\Ashvin\.gemini\antigravity\scratch\InternshipManagementSystem\ViewModels\CreateStudentViewModel.cs(17,23): warning CS8618: Non-nullable property 'Password' must contain a non-null value when exiting constructor. Consider adding the 'required' modifier or declaring the property as nullable. [C:\Users\Ashvin\.gemini\antigravity\scratch\InternshipManagementSystem\InternshipManagementSystem.csproj]
C:\Users\Ashvin\.gemini\antigravity\scratch\InternshipManagementSystem\ViewModels\CreateStudentViewModel.cs(22,23): warning CS8618: Non-nullable property 'EnrollmentNumber' must contain a non-null value when exiting constructor. Consider adding the 'required' modifier or declaring the property as nullable. [C:\Users\Ashvin\.gemini\antigravity\scratch\InternshipManagementSystem\InternshipManagementSystem.csproj]
C:\Users\Ashvin\.gemini\antigravity\scratch\InternshipManagementSystem\ViewModels\CreateStudentViewModel.cs(26,23): warning CS8618: Non-nullable property 'Department' must contain a non-null value when exiting constructor. Consider adding the 'required' modifier or declaring the property as nullable. [C:\Users\Ashvin\.gemini\antigravity\scratch\InternshipManagementSystem\InternshipManagementSystem.csproj]
C:\Users\Ashvin\.gemini\antigravity\scratch\InternshipManagementSystem\ViewModels\CreateGuideViewModel.cs(9,23): warning CS8618: Non-nullable property 'Name' must contain a non-null value when exiting constructor. Consider adding the 'required' modifier or declaring the property as nullable. [C:\Users\Ashvin\.gemini\antigravity\scratch\InternshipManagementSystem\InternshipManagementSystem.csproj]
C:\Users\Ashvin\.gemini\antigravity\scratch\InternshipManagementSystem\ViewModels\CreateGuideViewModel.cs(14,23): warning CS8618: Non-nullable property 'Email' must contain a non-null value when exiting constructor. Consider adding the 'required' modifier or declaring the property as nullable. [C:\Users\Ashvin\.gemini\antigravity\scratch\InternshipManagementSystem\InternshipManagementSystem.csproj]
C:\Users\Ashvin\.gemini\antigravity\scratch\InternshipManagementSystem\ViewModels\CreateGuideViewModel.cs(17,23): warning CS8618: Non-nullable property 'Password' must contain a non-null value when exiting constructor. Consider adding the 'required' modifier or declaring the property as nullable. [C:\Users\Ashvin\.gemini\antigravity\scratch\InternshipManagementSystem\InternshipManagementSystem.csproj]
C:\Users\Ashvin\.gemini\antigravity\scratch\InternshipManagementSystem\ViewModels\CreateGuideViewModel.cs(21,23): warning CS8618: Non-nullable property 'Department' must contain a non-null value when exiting constructor. Consider adding the 'required' modifier or declaring the property as nullable. [C:\Users\Ashvin\.gemini\antigravity\scratch\InternshipManagementSystem\InternshipManagementSystem.csproj]
C:\Users\Ashvin\.gemini\antigravity\scratch\InternshipManagementSystem\ViewModels\CreateGuideViewModel.cs(25,23): warning CS8618: Non-nullable property 'Designation' must contain a non-null value when exiting constructor. Consider adding the 'required' modifier or declaring the property as nullable. [C:\Users\Ashvin\.gemini\antigravity\scratch\InternshipManagementSystem\InternshipManagementSystem.csproj]
C:\Users\Ashvin\.gemini\antigravity\scratch\InternshipManagementSystem\ViewModels\AssignTaskViewModel.cs(12,23): warning CS8618: Non-nullable property 'Title' must contain a non-null value when exiting constructor. Consider adding the 'required' modifier or declaring the property as nullable. [C:\Users\Ashvin\.gemini\antigravity\scratch\InternshipManagementSystem\InternshipManagementSystem.csproj]
C:\Users\Ashvin\.gemini\antigravity\scratch\InternshipManagementSystem\ViewModels\AssignTaskViewModel.cs(14,23): warning CS8618: Non-nullable property 'Description' must contain a non-null value when exiting constructor. Consider adding the 'required' modifier or declaring the property as nullable. [C:\Users\Ashvin\.gemini\antigravity\scratch\InternshipManagementSystem\InternshipManagementSystem.csproj]
C:\Users\Ashvin\.gemini\antigravity\scratch\InternshipManagementSystem\ApiControllers\TasksApiController.cs(85,23): warning CS8618: Non-nullable property 'Status' must contain a non-null value when exiting constructor. Consider adding the 'required' modifier or declaring the property as nullable. [C:\Users\Ashvin\.gemini\antigravity\scratch\InternshipManagementSystem\InternshipManagementSystem.csproj]
C:\Users\Ashvin\.gemini\antigravity\scratch\InternshipManagementSystem\Services\StudentService.cs(28,20): warning CS8603: Possible null reference return. [C:\Users\Ashvin\.gemini\antigravity\scratch\InternshipManagementSystem\InternshipManagementSystem.csproj]
C:\Users\Ashvin\.gemini\antigravity\scratch\InternshipManagementSystem\ApiControllers\TasksApiController.cs(47,35): warning CS8601: Possible null reference assignment. [C:\Users\Ashvin\.gemini\antigravity\scratch\InternshipManagementSystem\InternshipManagementSystem.csproj]
C:\Users\Ashvin\.gemini\antigravity\scratch\InternshipManagementSystem\Services\StudentService.cs(91,20): warning CS8603: Possible null reference return. [C:\Users\Ashvin\.gemini\antigravity\scratch\InternshipManagementSystem\InternshipManagementSystem.csproj]
C:\Users\Ashvin\.gemini\antigravity\scratch\InternshipManagementSystem\Services\StudentService.cs(106,38): warning CS8601: Possible null reference assignment. [C:\Users\Ashvin\.gemini\antigravity\scratch\InternshipManagementSystem\InternshipManagementSystem.csproj]
C:\Users\Ashvin\.gemini\antigravity\scratch\InternshipManagementSystem\ApiControllers\TasksApiController.cs(73,66): warning CS8625: Cannot convert null literal to non-nullable reference type. [C:\Users\Ashvin\.gemini\antigravity\scratch\InternshipManagementSystem\InternshipManagementSystem.csproj]
C:\Users\Ashvin\.gemini\antigravity\scratch\InternshipManagementSystem\Controllers\AccountController.cs(27,17): warning CS8602: Dereference of a possibly null reference. [C:\Users\Ashvin\.gemini\antigravity\scratch\InternshipManagementSystem\InternshipManagementSystem.csproj]
C:\Users\Ashvin\.gemini\antigravity\scratch\InternshipManagementSystem\Controllers\AccountController.cs(29,44): warning CS8604: Possible null reference argument for parameter 'role' in 'IActionResult AccountController.RedirectToDashboard(string role)'. [C:\Users\Ashvin\.gemini\antigravity\scratch\InternshipManagementSystem\InternshipManagementSystem.csproj]
C:\Users\Ashvin\.gemini\antigravity\scratch\InternshipManagementSystem\ApiControllers\DocumentsApiController.cs(59,50): warning CS8625: Cannot convert null literal to non-nullable reference type. [C:\Users\Ashvin\.gemini\antigravity\scratch\InternshipManagementSystem\InternshipManagementSystem.csproj]
C:\Users\Ashvin\.gemini\antigravity\scratch\InternshipManagementSystem\DTOs\TaskDto.cs(10,23): warning CS8618: Non-nullable property 'Title' must contain a non-null value when exiting constructor. Consider adding the 'required' modifier or declaring the property as nullable. [C:\Users\Ashvin\.gemini\antigravity\scratch\InternshipManagementSystem\InternshipManagementSystem.csproj]
C:\Users\Ashvin\.gemini\antigravity\scratch\InternshipManagementSystem\DTOs\TaskDto.cs(11,23): warning CS8618: Non-nullable property 'Description' must contain a non-null value when exiting constructor. Consider adding the 'required' modifier or declaring the property as nullable. [C:\Users\Ashvin\.gemini\antigravity\scratch\InternshipManagementSystem\InternshipManagementSystem.csproj]
C:\Users\Ashvin\.gemini\antigravity\scratch\InternshipManagementSystem\DTOs\TaskDto.cs(13,23): warning CS8618: Non-nullable property 'Status' must contain a non-null value when exiting constructor. Consider adding the 'required' modifier or declaring the property as nullable. [C:\Users\Ashvin\.gemini\antigravity\scratch\InternshipManagementSystem\InternshipManagementSystem.csproj]
C:\Users\Ashvin\.gemini\antigravity\scratch\InternshipManagementSystem\ApiControllers\GuidesApiController.cs(31,24): warning CS8601: Possible null reference assignment. [C:\Users\Ashvin\.gemini\antigravity\scratch\InternshipManagementSystem\InternshipManagementSystem.csproj]
C:\Users\Ashvin\.gemini\antigravity\scratch\InternshipManagementSystem\ApiControllers\GuidesApiController.cs(32,25): warning CS8601: Possible null reference assignment. [C:\Users\Ashvin\.gemini\antigravity\scratch\InternshipManagementSystem\InternshipManagementSystem.csproj]
C:\Users\Ashvin\.gemini\antigravity\scratch\InternshipManagementSystem\ApiControllers\GuidesApiController.cs(50,24): warning CS8601: Possible null reference assignment. [C:\Users\Ashvin\.gemini\antigravity\scratch\InternshipManagementSystem\InternshipManagementSystem.csproj]
C:\Users\Ashvin\.gemini\antigravity\scratch\InternshipManagementSystem\ApiControllers\GuidesApiController.cs(51,25): warning CS8601: Possible null reference assignment. [C:\Users\Ashvin\.gemini\antigravity\scratch\InternshipManagementSystem\InternshipManagementSystem.csproj]
C:\Users\Ashvin\.gemini\antigravity\scratch\InternshipManagementSystem\DTOs\DailyDiaryDto.cs(10,23): warning CS8618: Non-nullable property 'WorkDescription' must contain a non-null value when exiting constructor. Consider adding the 'required' modifier or declaring the property as nullable. [C:\Users\Ashvin\.gemini\antigravity\scratch\InternshipManagementSystem\InternshipManagementSystem.csproj]
C:\Users\Ashvin\.gemini\antigravity\scratch\InternshipManagementSystem\DTOs\DailyDiaryDto.cs(11,23): warning CS8618: Non-nullable property 'Status' must contain a non-null value when exiting constructor. Consider adding the 'required' modifier or declaring the property as nullable. [C:\Users\Ashvin\.gemini\antigravity\scratch\InternshipManagementSystem\InternshipManagementSystem.csproj]
C:\Users\Ashvin\.gemini\antigravity\scratch\InternshipManagementSystem\ApiControllers\StudentsApiController.cs(49,28): warning CS8601: Possible null reference assignment. [C:\Users\Ashvin\.gemini\antigravity\scratch\InternshipManagementSystem\InternshipManagementSystem.csproj]
C:\Users\Ashvin\.gemini\antigravity\scratch\InternshipManagementSystem\ApiControllers\StudentsApiController.cs(50,29): warning CS8601: Possible null reference assignment. [C:\Users\Ashvin\.gemini\antigravity\scratch\InternshipManagementSystem\InternshipManagementSystem.csproj]
C:\Users\Ashvin\.gemini\antigravity\scratch\InternshipManagementSystem\ApiControllers\StudentsApiController.cs(77,24): warning CS8601: Possible null reference assignment. [C:\Users\Ashvin\.gemini\antigravity\scratch\InternshipManagementSystem\InternshipManagementSystem.csproj]
C:\Users\Ashvin\.gemini\antigravity\scratch\InternshipManagementSystem\ApiControllers\StudentsApiController.cs(78,25): warning CS8601: Possible null reference assignment. [C:\Users\Ashvin\.gemini\antigravity\scratch\InternshipManagementSystem\InternshipManagementSystem.csproj]
C:\Users\Ashvin\.gemini\antigravity\scratch\InternshipManagementSystem\Controllers\StudentController.cs(191,42): warning CS8601: Possible null reference assignment. [C:\Users\Ashvin\.gemini\antigravity\scratch\InternshipManagementSystem\InternshipManagementSystem.csproj]
C:\Users\Ashvin\.gemini\antigravity\scratch\InternshipManagementSystem\ApiControllers\DiariesApiController.cs(74,50): warning CS8625: Cannot convert null literal to non-nullable reference type. [C:\Users\Ashvin\.gemini\antigravity\scratch\InternshipManagementSystem\InternshipManagementSystem.csproj]
C:\Users\Ashvin\.gemini\antigravity\scratch\InternshipManagementSystem\DTOs\StudentDto.cs(7,23): warning CS8618: Non-nullable property 'EnrollmentNumber' must contain a non-null value when exiting constructor. Consider adding the 'required' modifier or declaring the property as nullable. [C:\Users\Ashvin\.gemini\antigravity\scratch\InternshipManagementSystem\InternshipManagementSystem.csproj]
C:\Users\Ashvin\.gemini\antigravity\scratch\InternshipManagementSystem\DTOs\StudentDto.cs(8,23): warning CS8618: Non-nullable property 'Department' must contain a non-null value when exiting constructor. Consider adding the 'required' modifier or declaring the property as nullable. [C:\Users\Ashvin\.gemini\antigravity\scratch\InternshipManagementSystem\InternshipManagementSystem.csproj]
C:\Users\Ashvin\.gemini\antigravity\scratch\InternshipManagementSystem\DTOs\StudentDto.cs(10,23): warning CS8618: Non-nullable property 'Name' must contain a non-null value when exiting constructor. Consider adding the 'required' modifier or declaring the property as nullable. [C:\Users\Ashvin\.gemini\antigravity\scratch\InternshipManagementSystem\InternshipManagementSystem.csproj]
C:\Users\Ashvin\.gemini\antigravity\scratch\InternshipManagementSystem\DTOs\StudentDto.cs(11,23): warning CS8618: Non-nullable property 'Email' must contain a non-null value when exiting constructor. Consider adding the 'required' modifier or declaring the property as nullable. [C:\Users\Ashvin\.gemini\antigravity\scratch\InternshipManagementSystem\InternshipManagementSystem.csproj]
C:\Users\Ashvin\.gemini\antigravity\scratch\InternshipManagementSystem\DTOs\DocumentDto.cs(9,23): warning CS8618: Non-nullable property 'FileName' must contain a non-null value when exiting constructor. Consider adding the 'required' modifier or declaring the property as nullable. [C:\Users\Ashvin\.gemini\antigravity\scratch\InternshipManagementSystem\InternshipManagementSystem.csproj]
C:\Users\Ashvin\.gemini\antigravity\scratch\InternshipManagementSystem\DTOs\DocumentDto.cs(10,23): warning CS8618: Non-nullable property 'FilePath' must contain a non-null value when exiting constructor. Consider adding the 'required' modifier or declaring the property as nullable. [C:\Users\Ashvin\.gemini\antigravity\scratch\InternshipManagementSystem\InternshipManagementSystem.csproj]
C:\Users\Ashvin\.gemini\antigravity\scratch\InternshipManagementSystem\DTOs\GuideDto.cs(7,23): warning CS8618: Non-nullable property 'Department' must contain a non-null value when exiting constructor. Consider adding the 'required' modifier or declaring the property as nullable. [C:\Users\Ashvin\.gemini\antigravity\scratch\InternshipManagementSystem\InternshipManagementSystem.csproj]
C:\Users\Ashvin\.gemini\antigravity\scratch\InternshipManagementSystem\DTOs\GuideDto.cs(8,23): warning CS8618: Non-nullable property 'Designation' must contain a non-null value when exiting constructor. Consider adding the 'required' modifier or declaring the property as nullable. [C:\Users\Ashvin\.gemini\antigravity\scratch\InternshipManagementSystem\InternshipManagementSystem.csproj]
C:\Users\Ashvin\.gemini\antigravity\scratch\InternshipManagementSystem\DTOs\GuideDto.cs(9,23): warning CS8618: Non-nullable property 'Name' must contain a non-null value when exiting constructor. Consider adding the 'required' modifier or declaring the property as nullable. [C:\Users\Ashvin\.gemini\antigravity\scratch\InternshipManagementSystem\InternshipManagementSystem.csproj]
C:\Users\Ashvin\.gemini\antigravity\scratch\InternshipManagementSystem\DTOs\GuideDto.cs(10,23): warning CS8618: Non-nullable property 'Email' must contain a non-null value when exiting constructor. Consider adding the 'required' modifier or declaring the property as nullable. [C:\Users\Ashvin\.gemini\antigravity\scratch\InternshipManagementSystem\InternshipManagementSystem.csproj]
C:\Users\Ashvin\.gemini\antigravity\scratch\InternshipManagementSystem\ApiControllers\HealthController.cs(53,27): warning CS8618: Non-nullable property 'Status' must contain a non-null value when exiting constructor. Consider adding the 'required' modifier or declaring the property as nullable. [C:\Users\Ashvin\.gemini\antigravity\scratch\InternshipManagementSystem\InternshipManagementSystem.csproj]
C:\Users\Ashvin\.gemini\antigravity\scratch\InternshipManagementSystem\ApiControllers\HealthController.cs(55,27): warning CS8618: Non-nullable property 'Database' must contain a non-null value when exiting constructor. Consider adding the 'required' modifier or declaring the property as nullable. [C:\Users\Ashvin\.gemini\antigravity\scratch\InternshipManagementSystem\InternshipManagementSystem.csproj]
C:\Users\Ashvin\.gemini\antigravity\scratch\InternshipManagementSystem\Models\WeeklyReport.cs(13,24): warning CS8618: Non-nullable property 'Student' must contain a non-null value when exiting constructor. Consider adding the 'required' modifier or declaring the property as nullable. [C:\Users\Ashvin\.gemini\antigravity\scratch\InternshipManagementSystem\InternshipManagementSystem.csproj]
C:\Users\Ashvin\.gemini\antigravity\scratch\InternshipManagementSystem\Models\WeeklyReport.cs(18,23): warning CS8618: Non-nullable property 'Summary' must contain a non-null value when exiting constructor. Consider adding the 'required' modifier or declaring the property as nullable. [C:\Users\Ashvin\.gemini\antigravity\scratch\InternshipManagementSystem\InternshipManagementSystem.csproj]
C:\Users\Ashvin\.gemini\antigravity\scratch\InternshipManagementSystem\Models\User.cs(13,23): warning CS8618: Non-nullable property 'Name' must contain a non-null value when exiting constructor. Consider adding the 'required' modifier or declaring the property as nullable. [C:\Users\Ashvin\.gemini\antigravity\scratch\InternshipManagementSystem\InternshipManagementSystem.csproj]
C:\Users\Ashvin\.gemini\antigravity\scratch\InternshipManagementSystem\Models\User.cs(18,23): warning CS8618: Non-nullable property 'Email' must contain a non-null value when exiting constructor. Consider adding the 'required' modifier or declaring the property as nullable. [C:\Users\Ashvin\.gemini\antigravity\scratch\InternshipManagementSystem\InternshipManagementSystem.csproj]
C:\Users\Ashvin\.gemini\antigravity\scratch\InternshipManagementSystem\Models\User.cs(22,23): warning CS8618: Non-nullable property 'Password' must contain a non-null value when exiting constructor. Consider adding the 'required' modifier or declaring the property as nullable. [C:\Users\Ashvin\.gemini\antigravity\scratch\InternshipManagementSystem\InternshipManagementSystem.csproj]
C:\Users\Ashvin\.gemini\antigravity\scratch\InternshipManagementSystem\Models\User.cs(26,23): warning CS8618: Non-nullable property 'Role' must contain a non-null value when exiting constructor. Consider adding the 'required' modifier or declaring the property as nullable. [C:\Users\Ashvin\.gemini\antigravity\scratch\InternshipManagementSystem\InternshipManagementSystem.csproj]
C:\Users\Ashvin\.gemini\antigravity\scratch\InternshipManagementSystem\Views\Shared\_Layout.cshtml(107,10): warning CS8602: Dereference of a possibly null reference. [C:\Users\Ashvin\.gemini\antigravity\scratch\InternshipManagementSystem\InternshipManagementSystem.csproj]
C:\Users\Ashvin\.gemini\antigravity\scratch\InternshipManagementSystem\Models\Student.cs(13,21): warning CS8618: Non-nullable property 'User' must contain a non-null value when exiting constructor. Consider adding the 'required' modifier or declaring the property as nullable. [C:\Users\Ashvin\.gemini\antigravity\scratch\InternshipManagementSystem\InternshipManagementSystem.csproj]
C:\Users\Ashvin\.gemini\antigravity\scratch\InternshipManagementSystem\Models\Student.cs(17,23): warning CS8618: Non-nullable property 'EnrollmentNumber' must contain a non-null value when exiting constructor. Consider adding the 'required' modifier or declaring the property as nullable. [C:\Users\Ashvin\.gemini\antigravity\scratch\InternshipManagementSystem\InternshipManagementSystem.csproj]
C:\Users\Ashvin\.gemini\antigravity\scratch\InternshipManagementSystem\Models\Student.cs(21,23): warning CS8618: Non-nullable property 'Department' must contain a non-null value when exiting constructor. Consider adding the 'required' modifier or declaring the property as nullable. [C:\Users\Ashvin\.gemini\antigravity\scratch\InternshipManagementSystem\InternshipManagementSystem.csproj]
C:\Users\Ashvin\.gemini\antigravity\scratch\InternshipManagementSystem\Models\InternshipTask.cs(14,22): warning CS8618: Non-nullable property 'Guide' must contain a non-null value when exiting constructor. Consider adding the 'required' modifier or declaring the property as nullable. [C:\Users\Ashvin\.gemini\antigravity\scratch\InternshipManagementSystem\InternshipManagementSystem.csproj]
C:\Users\Ashvin\.gemini\antigravity\scratch\InternshipManagementSystem\Models\InternshipTask.cs(18,24): warning CS8618: Non-nullable property 'Student' must contain a non-null value when exiting constructor. Consider adding the 'required' modifier or declaring the property as nullable. [C:\Users\Ashvin\.gemini\antigravity\scratch\InternshipManagementSystem\InternshipManagementSystem.csproj]
C:\Users\Ashvin\.gemini\antigravity\scratch\InternshipManagementSystem\Models\InternshipTask.cs(22,23): warning CS8618: Non-nullable property 'Title' must contain a non-null value when exiting constructor. Consider adding the 'required' modifier or declaring the property as nullable. [C:\Users\Ashvin\.gemini\antigravity\scratch\InternshipManagementSystem\InternshipManagementSystem.csproj]
C:\Users\Ashvin\.gemini\antigravity\scratch\InternshipManagementSystem\Models\InternshipDetails.cs(14,24): warning CS8618: Non-nullable property 'Student' must contain a non-null value when exiting constructor. Consider adding the 'required' modifier or declaring the property as nullable. [C:\Users\Ashvin\.gemini\antigravity\scratch\InternshipManagementSystem\InternshipManagementSystem.csproj]
C:\Users\Ashvin\.gemini\antigravity\scratch\InternshipManagementSystem\Models\InternshipDetails.cs(18,23): warning CS8618: Non-nullable property 'CompanyName' must contain a non-null value when exiting constructor. Consider adding the 'required' modifier or declaring the property as nullable. [C:\Users\Ashvin\.gemini\antigravity\scratch\InternshipManagementSystem\InternshipManagementSystem.csproj]
C:\Users\Ashvin\.gemini\antigravity\scratch\InternshipManagementSystem\Models\InternshipDetails.cs(22,23): warning CS8618: Non-nullable property 'Role' must contain a non-null value when exiting constructor. Consider adding the 'required' modifier or declaring the property as nullable. [C:\Users\Ashvin\.gemini\antigravity\scratch\InternshipManagementSystem\InternshipManagementSystem.csproj]
C:\Users\Ashvin\.gemini\antigravity\scratch\InternshipManagementSystem\Models\InternshipDetails.cs(25,23): warning CS8618: Non-nullable property 'TechnologyUsed' must contain a non-null value when exiting constructor. Consider adding the 'required' modifier or declaring the property as nullable. [C:\Users\Ashvin\.gemini\antigravity\scratch\InternshipManagementSystem\InternshipManagementSystem.csproj]
C:\Users\Ashvin\.gemini\antigravity\scratch\InternshipManagementSystem\Models\GuideAssignment.cs(13,22): warning CS8618: Non-nullable property 'Guide' must contain a non-null value when exiting constructor. Consider adding the 'required' modifier or declaring the property as nullable. [C:\Users\Ashvin\.gemini\antigravity\scratch\InternshipManagementSystem\InternshipManagementSystem.csproj]
C:\Users\Ashvin\.gemini\antigravity\scratch\InternshipManagementSystem\Models\GuideAssignment.cs(17,24): warning CS8618: Non-nullable property 'Student' must contain a non-null value when exiting constructor. Consider adding the 'required' modifier or declaring the property as nullable. [C:\Users\Ashvin\.gemini\antigravity\scratch\InternshipManagementSystem\InternshipManagementSystem.csproj]
C:\Users\Ashvin\.gemini\antigravity\scratch\InternshipManagementSystem\Models\Guide.cs(13,21): warning CS8618: Non-nullable property 'User' must contain a non-null value when exiting constructor. Consider adding the 'required' modifier or declaring the property as nullable. [C:\Users\Ashvin\.gemini\antigravity\scratch\InternshipManagementSystem\InternshipManagementSystem.csproj]
C:\Users\Ashvin\.gemini\antigravity\scratch\InternshipManagementSystem\Models\Guide.cs(17,23): warning CS8618: Non-nullable property 'Department' must contain a non-null value when exiting constructor. Consider adding the 'required' modifier or declaring the property as nullable. [C:\Users\Ashvin\.gemini\antigravity\scratch\InternshipManagementSystem\InternshipManagementSystem.csproj]
C:\Users\Ashvin\.gemini\antigravity\scratch\InternshipManagementSystem\Models\Guide.cs(21,23): warning CS8618: Non-nullable property 'Designation' must contain a non-null value when exiting constructor. Consider adding the 'required' modifier or declaring the property as nullable. [C:\Users\Ashvin\.gemini\antigravity\scratch\InternshipManagementSystem\InternshipManagementSystem.csproj]
C:\Users\Ashvin\.gemini\antigravity\scratch\InternshipManagementSystem\Models\Feedback.cs(13,22): warning CS8618: Non-nullable property 'Guide' must contain a non-null value when exiting constructor. Consider adding the 'required' modifier or declaring the property as nullable. [C:\Users\Ashvin\.gemini\antigravity\scratch\InternshipManagementSystem\InternshipManagementSystem.csproj]
C:\Users\Ashvin\.gemini\antigravity\scratch\InternshipManagementSystem\Models\Feedback.cs(17,24): warning CS8618: Non-nullable property 'Student' must contain a non-null value when exiting constructor. Consider adding the 'required' modifier or declaring the property as nullable. [C:\Users\Ashvin\.gemini\antigravity\scratch\InternshipManagementSystem\InternshipManagementSystem.csproj]
C:\Users\Ashvin\.gemini\antigravity\scratch\InternshipManagementSystem\Models\Document.cs(14,24): warning CS8618: Non-nullable property 'Student' must contain a non-null value when exiting constructor. Consider adding the 'required' modifier or declaring the property as nullable. [C:\Users\Ashvin\.gemini\antigravity\scratch\InternshipManagementSystem\InternshipManagementSystem.csproj]
C:\Users\Ashvin\.gemini\antigravity\scratch\InternshipManagementSystem\Models\Document.cs(18,23): warning CS8618: Non-nullable property 'FileName' must contain a non-null value when exiting constructor. Consider adding the 'required' modifier or declaring the property as nullable. [C:\Users\Ashvin\.gemini\antigravity\scratch\InternshipManagementSystem\InternshipManagementSystem.csproj]
C:\Users\Ashvin\.gemini\antigravity\scratch\InternshipManagementSystem\Models\Document.cs(21,23): warning CS8618: Non-nullable property 'FilePath' must contain a non-null value when exiting constructor. Consider adding the 'required' modifier or declaring the property as nullable. [C:\Users\Ashvin\.gemini\antigravity\scratch\InternshipManagementSystem\InternshipManagementSystem.csproj]
C:\Users\Ashvin\.gemini\antigravity\scratch\InternshipManagementSystem\Models\DailyDiary.cs(14,24): warning CS8618: Non-nullable property 'Student' must contain a non-null value when exiting constructor. Consider adding the 'required' modifier or declaring the property as nullable. [C:\Users\Ashvin\.gemini\antigravity\scratch\InternshipManagementSystem\InternshipManagementSystem.csproj]
C:\Users\Ashvin\.gemini\antigravity\scratch\InternshipManagementSystem\Models\DailyDiary.cs(19,23): warning CS8618: Non-nullable property 'WorkDescription' must contain a non-null value when exiting constructor. Consider adding the 'required' modifier or declaring the property as nullable. [C:\Users\Ashvin\.gemini\antigravity\scratch\InternshipManagementSystem\InternshipManagementSystem.csproj]
C:\Users\Ashvin\.gemini\antigravity\scratch\InternshipManagementSystem\Models\ApiResponse.cs(6,23): warning CS8618: Non-nullable property 'Message' must contain a non-null value when exiting constructor. Consider adding the 'required' modifier or declaring the property as nullable. [C:\Users\Ashvin\.gemini\antigravity\scratch\InternshipManagementSystem\InternshipManagementSystem.csproj]
C:\Users\Ashvin\.gemini\antigravity\scratch\InternshipManagementSystem\Models\ApiResponse.cs(7,18): warning CS8618: Non-nullable property 'Data' must contain a non-null value when exiting constructor. Consider adding the 'required' modifier or declaring the property as nullable. [C:\Users\Ashvin\.gemini\antigravity\scratch\InternshipManagementSystem\InternshipManagementSystem.csproj]
C:\Users\Ashvin\.gemini\antigravity\scratch\InternshipManagementSystem\Services\DailyDiaryService.cs(43,20): warning CS8603: Possible null reference return. [C:\Users\Ashvin\.gemini\antigravity\scratch\InternshipManagementSystem\InternshipManagementSystem.csproj]
C:\Users\Ashvin\.gemini\antigravity\scratch\InternshipManagementSystem\Services\GuideService.cs(28,20): warning CS8603: Possible null reference return. [C:\Users\Ashvin\.gemini\antigravity\scratch\InternshipManagementSystem\InternshipManagementSystem.csproj]
C:\Users\Ashvin\.gemini\antigravity\scratch\InternshipManagementSystem\Services\DocumentService.cs(31,20): warning CS8603: Possible null reference return. [C:\Users\Ashvin\.gemini\antigravity\scratch\InternshipManagementSystem\InternshipManagementSystem.csproj]
C:\Users\Ashvin\.gemini\antigravity\scratch\InternshipManagementSystem\Services\DocumentService.cs(55,24): warning CS8619: Nullability of reference types in value of type '(bool, string, string?)' doesn't match target type '(bool Success, string Message, string FileName)'. [C:\Users\Ashvin\.gemini\antigravity\scratch\InternshipManagementSystem\InternshipManagementSystem.csproj]
C:\Users\Ashvin\.gemini\antigravity\scratch\InternshipManagementSystem\Services\DocumentService.cs(62,24): warning CS8619: Nullability of reference types in value of type '(bool, string, string?)' doesn't match target type '(bool Success, string Message, string FileName)'. [C:\Users\Ashvin\.gemini\antigravity\scratch\InternshipManagementSystem\InternshipManagementSystem.csproj]
C:\Users\Ashvin\.gemini\antigravity\scratch\InternshipManagementSystem\Services\DocumentService.cs(68,24): warning CS8619: Nullability of reference types in value of type '(bool, string, string?)' doesn't match target type '(bool Success, string Message, string FileName)'. [C:\Users\Ashvin\.gemini\antigravity\scratch\InternshipManagementSystem\InternshipManagementSystem.csproj]
C:\Users\Ashvin\.gemini\antigravity\scratch\InternshipManagementSystem\Services\DocumentService.cs(90,24): warning CS8619: Nullability of reference types in value of type '(bool, string, string?)' doesn't match target type '(bool Success, string Message, string FileName)'. [C:\Users\Ashvin\.gemini\antigravity\scratch\InternshipManagementSystem\InternshipManagementSystem.csproj]
C:\Users\Ashvin\.gemini\antigravity\scratch\InternshipManagementSystem\Services\GuideService.cs(144,20): warning CS8603: Possible null reference return. [C:\Users\Ashvin\.gemini\antigravity\scratch\InternshipManagementSystem\InternshipManagementSystem.csproj]
C:\Program Files\dotnet\sdk\10.0.201\Microsoft.Common.CurrentVersion.targets(5395,5): warning MSB3026: Could not copy "C:\Users\Ashvin\.gemini\antigravity\scratch\InternshipManagementSystem\obj\Debug\net8.0\apphost.exe" to "bin\Debug\net8.0\InternshipManagementSystem.exe". Beginning retry 1 in 1000ms. The process cannot access the file 'C:\Users\Ashvin\.gemini\antigravity\scratch\InternshipManagementSystem\bin\Debug\net8.0\InternshipManagementSystem.exe' because it is being used by another process. The file is locked by: "InternshipManagementSystem (1908)" [C:\Users\Ashvin\.gemini\antigravity\scratch\InternshipManagementSystem\InternshipManagementSystem.csproj]
C:\Program Files\dotnet\sdk\10.0.201\Microsoft.Common.CurrentVersion.targets(5395,5): warning MSB3026: Could not copy "C:\Users\Ashvin\.gemini\antigravity\scratch\InternshipManagementSystem\obj\Debug\net8.0\apphost.exe" to "bin\Debug\net8.0\InternshipManagementSystem.exe". Beginning retry 2 in 1000ms. The process cannot access the file 'C:\Users\Ashvin\.gemini\antigravity\scratch\InternshipManagementSystem\bin\Debug\net8.0\InternshipManagementSystem.exe' because it is being used by another process. The file is locked by: "InternshipManagementSystem (1908)" [C:\Users\Ashvin\.gemini\antigravity\scratch\InternshipManagementSystem\InternshipManagementSystem.csproj]
C:\Program Files\dotnet\sdk\10.0.201\Microsoft.Common.CurrentVersion.targets(5395,5): warning MSB3026: Could not copy "C:\Users\Ashvin\.gemini\antigravity\scratch\InternshipManagementSystem\obj\Debug\net8.0\apphost.exe" to "bin\Debug\net8.0\InternshipManagementSystem.exe". Beginning retry 3 in 1000ms. The process cannot access the file 'C:\Users\Ashvin\.gemini\antigravity\scratch\InternshipManagementSystem\bin\Debug\net8.0\InternshipManagementSystem.exe' because it is being used by another process. The file is locked by: "InternshipManagementSystem (1908)" [C:\Users\Ashvin\.gemini\antigravity\scratch\InternshipManagementSystem\InternshipManagementSystem.csproj]
C:\Program Files\dotnet\sdk\10.0.201\Microsoft.Common.CurrentVersion.targets(5395,5): warning MSB3026: Could not copy "C:\Users\Ashvin\.gemini\antigravity\scratch\InternshipManagementSystem\obj\Debug\net8.0\apphost.exe" to "bin\Debug\net8.0\InternshipManagementSystem.exe". Beginning retry 4 in 1000ms. The process cannot access the file 'C:\Users\Ashvin\.gemini\antigravity\scratch\InternshipManagementSystem\bin\Debug\net8.0\InternshipManagementSystem.exe' because it is being used by another process. The file is locked by: "InternshipManagementSystem (1908)" [C:\Users\Ashvin\.gemini\antigravity\scratch\InternshipManagementSystem\InternshipManagementSystem.csproj]
C:\Program Files\dotnet\sdk\10.0.201\Microsoft.Common.CurrentVersion.targets(5395,5): warning MSB3026: Could not copy "C:\Users\Ashvin\.gemini\antigravity\scratch\InternshipManagementSystem\obj\Debug\net8.0\apphost.exe" to "bin\Debug\net8.0\InternshipManagementSystem.exe". Beginning retry 5 in 1000ms. The process cannot access the file 'C:\Users\Ashvin\.gemini\antigravity\scratch\InternshipManagementSystem\bin\Debug\net8.0\InternshipManagementSystem.exe' because it is being used by another process. The file is locked by: "InternshipManagementSystem (1908)" [C:\Users\Ashvin\.gemini\antigravity\scratch\InternshipManagementSystem\InternshipManagementSystem.csproj]
C:\Program Files\dotnet\sdk\10.0.201\Microsoft.Common.CurrentVersion.targets(5395,5): warning MSB3026: Could not copy "C:\Users\Ashvin\.gemini\antigravity\scratch\InternshipManagementSystem\obj\Debug\net8.0\apphost.exe" to "bin\Debug\net8.0\InternshipManagementSystem.exe". Beginning retry 6 in 1000ms. The process cannot access the file 'C:\Users\Ashvin\.gemini\antigravity\scratch\InternshipManagementSystem\bin\Debug\net8.0\InternshipManagementSystem.exe' because it is being used by another process. The file is locked by: "InternshipManagementSystem (1908)" [C:\Users\Ashvin\.gemini\antigravity\scratch\InternshipManagementSystem\InternshipManagementSystem.csproj]
C:\Program Files\dotnet\sdk\10.0.201\Microsoft.Common.CurrentVersion.targets(5395,5): warning MSB3026: Could not copy "C:\Users\Ashvin\.gemini\antigravity\scratch\InternshipManagementSystem\obj\Debug\net8.0\apphost.exe" to "bin\Debug\net8.0\InternshipManagementSystem.exe". Beginning retry 7 in 1000ms. The process cannot access the file 'C:\Users\Ashvin\.gemini\antigravity\scratch\InternshipManagementSystem\bin\Debug\net8.0\InternshipManagementSystem.exe' because it is being used by another process. The file is locked by: "InternshipManagementSystem (1908)" [C:\Users\Ashvin\.gemini\antigravity\scratch\InternshipManagementSystem\InternshipManagementSystem.csproj]
C:\Program Files\dotnet\sdk\10.0.201\Microsoft.Common.CurrentVersion.targets(5395,5): warning MSB3026: Could not copy "C:\Users\Ashvin\.gemini\antigravity\scratch\InternshipManagementSystem\obj\Debug\net8.0\apphost.exe" to "bin\Debug\net8.0\InternshipManagementSystem.exe". Beginning retry 8 in 1000ms. The process cannot access the file 'C:\Users\Ashvin\.gemini\antigravity\scratch\InternshipManagementSystem\bin\Debug\net8.0\InternshipManagementSystem.exe' because it is being used by another process. The file is locked by: "InternshipManagementSystem (1908)" [C:\Users\Ashvin\.gemini\antigravity\scratch\InternshipManagementSystem\InternshipManagementSystem.csproj]
C:\Program Files\dotnet\sdk\10.0.201\Microsoft.Common.CurrentVersion.targets(5395,5): warning MSB3026: Could not copy "C:\Users\Ashvin\.gemini\antigravity\scratch\InternshipManagementSystem\obj\Debug\net8.0\apphost.exe" to "bin\Debug\net8.0\InternshipManagementSystem.exe". Beginning retry 9 in 1000ms. The process cannot access the file 'C:\Users\Ashvin\.gemini\antigravity\scratch\InternshipManagementSystem\bin\Debug\net8.0\InternshipManagementSystem.exe' because it is being used by another process. The file is locked by: "InternshipManagementSystem (1908)" [C:\Users\Ashvin\.gemini\antigravity\scratch\InternshipManagementSystem\InternshipManagementSystem.csproj]
C:\Program Files\dotnet\sdk\10.0.201\Microsoft.Common.CurrentVersion.targets(5395,5): warning MSB3026: Could not copy "C:\Users\Ashvin\.gemini\antigravity\scratch\InternshipManagementSystem\obj\Debug\net8.0\apphost.exe" to "bin\Debug\net8.0\InternshipManagementSystem.exe". Beginning retry 10 in 1000ms. The process cannot access the file 'C:\Users\Ashvin\.gemini\antigravity\scratch\InternshipManagementSystem\bin\Debug\net8.0\InternshipManagementSystem.exe' because it is being used by another process. The file is locked by: "InternshipManagementSystem (1908)" [C:\Users\Ashvin\.gemini\antigravity\scratch\InternshipManagementSystem\InternshipManagementSystem.csproj]
C:\Program Files\dotnet\sdk\10.0.201\Microsoft.Common.CurrentVersion.targets(5395,5): error MSB3027: Could not copy "C:\Users\Ashvin\.gemini\antigravity\scratch\InternshipManagementSystem\obj\Debug\net8.0\apphost.exe" to "bin\Debug\net8.0\InternshipManagementSystem.exe". Exceeded retry count of 10. Failed. The file is locked by: "InternshipManagementSystem (1908)" [C:\Users\Ashvin\.gemini\antigravity\scratch\InternshipManagementSystem\InternshipManagementSystem.csproj]
C:\Program Files\dotnet\sdk\10.0.201\Microsoft.Common.CurrentVersion.targets(5395,5): error MSB3021: Unable to copy file "C:\Users\Ashvin\.gemini\antigravity\scratch\InternshipManagementSystem\obj\Debug\net8.0\apphost.exe" to "bin\Debug\net8.0\InternshipManagementSystem.exe". The process cannot access the file 'C:\Users\Ashvin\.gemini\antigravity\scratch\InternshipManagementSystem\bin\Debug\net8.0\InternshipManagementSystem.exe' because it is being used by another process. [C:\Users\Ashvin\.gemini\antigravity\scratch\InternshipManagementSystem\InternshipManagementSystem.csproj]

Build FAILED.

C:\Program Files\dotnet\sdk\10.0.201\Microsoft.Common.CurrentVersion.targets(5951,5): warning MSB3061: Unable to delete file "C:\Users\Ashvin\.gemini\antigravity\scratch\InternshipManagementSystem\bin\Debug\net8.0\InternshipManagementSystem.exe". Access to the path 'C:\Users\Ashvin\.gemini\antigravity\scratch\InternshipManagementSystem\bin\Debug\net8.0\InternshipManagementSystem.exe' is denied. The file is locked by: "InternshipManagementSystem (1908)" [C:\Users\Ashvin\.gemini\antigravity\scratch\InternshipManagementSystem\InternshipManagementSystem.csproj]
C:\Program Files\dotnet\sdk\10.0.201\Microsoft.Common.CurrentVersion.targets(5951,5): warning MSB3061: Unable to delete file "C:\Users\Ashvin\.gemini\antigravity\scratch\InternshipManagementSystem\bin\Debug\net8.0\InternshipManagementSystem.dll". Access to the path 'C:\Users\Ashvin\.gemini\antigravity\scratch\InternshipManagementSystem\bin\Debug\net8.0\InternshipManagementSystem.dll' is denied. The file is locked by: "InternshipManagementSystem (1908)" [C:\Users\Ashvin\.gemini\antigravity\scratch\InternshipManagementSystem\InternshipManagementSystem.csproj]
C:\Program Files\dotnet\sdk\10.0.201\Microsoft.Common.CurrentVersion.targets(5951,5): warning MSB3061: Unable to delete file "C:\Users\Ashvin\.gemini\antigravity\scratch\InternshipManagementSystem\bin\Debug\net8.0\Microsoft.EntityFrameworkCore.dll". Access to the path 'C:\Users\Ashvin\.gemini\antigravity\scratch\InternshipManagementSystem\bin\Debug\net8.0\Microsoft.EntityFrameworkCore.dll' is denied. The file is locked by: "InternshipManagementSystem (1908)" [C:\Users\Ashvin\.gemini\antigravity\scratch\InternshipManagementSystem\InternshipManagementSystem.csproj]
C:\Program Files\dotnet\sdk\10.0.201\Microsoft.Common.CurrentVersion.targets(5951,5): warning MSB3061: Unable to delete file "C:\Users\Ashvin\.gemini\antigravity\scratch\InternshipManagementSystem\bin\Debug\net8.0\Microsoft.EntityFrameworkCore.Abstractions.dll". Access to the path 'C:\Users\Ashvin\.gemini\antigravity\scratch\InternshipManagementSystem\bin\Debug\net8.0\Microsoft.EntityFrameworkCore.Abstractions.dll' is denied. The file is locked by: "InternshipManagementSystem (1908)" [C:\Users\Ashvin\.gemini\antigravity\scratch\InternshipManagementSystem\InternshipManagementSystem.csproj]
C:\Program Files\dotnet\sdk\10.0.201\Microsoft.Common.CurrentVersion.targets(5951,5): warning MSB3061: Unable to delete file "C:\Users\Ashvin\.gemini\antigravity\scratch\InternshipManagementSystem\bin\Debug\net8.0\Microsoft.EntityFrameworkCore.Relational.dll". Access to the path 'C:\Users\Ashvin\.gemini\antigravity\scratch\InternshipManagementSystem\bin\Debug\net8.0\Microsoft.EntityFrameworkCore.Relational.dll' is denied. The file is locked by: "InternshipManagementSystem (1908)" [C:\Users\Ashvin\.gemini\antigravity\scratch\InternshipManagementSystem\InternshipManagementSystem.csproj]
C:\Program Files\dotnet\sdk\10.0.201\Microsoft.Common.CurrentVersion.targets(5951,5): warning MSB3061: Unable to delete file "C:\Users\Ashvin\.gemini\antigravity\scratch\InternshipManagementSystem\bin\Debug\net8.0\Microsoft.EntityFrameworkCore.SqlServer.dll". Access to the path 'C:\Users\Ashvin\.gemini\antigravity\scratch\InternshipManagementSystem\bin\Debug\net8.0\Microsoft.EntityFrameworkCore.SqlServer.dll' is denied. The file is locked by: "InternshipManagementSystem (1908)" [C:\Users\Ashvin\.gemini\antigravity\scratch\InternshipManagementSystem\InternshipManagementSystem.csproj]
C:\Program Files\dotnet\sdk\10.0.201\Microsoft.Common.CurrentVersion.targets(5951,5): warning MSB3061: Unable to delete file "C:\Users\Ashvin\.gemini\antigravity\scratch\InternshipManagementSystem\bin\Debug\net8.0\Microsoft.Identity.Client.dll". Access to the path 'C:\Users\Ashvin\.gemini\antigravity\scratch\InternshipManagementSystem\bin\Debug\net8.0\Microsoft.Identity.Client.dll' is denied. The file is locked by: "InternshipManagementSystem (1908)" [C:\Users\Ashvin\.gemini\antigravity\scratch\InternshipManagementSystem\InternshipManagementSystem.csproj]
C:\Program Files\dotnet\sdk\10.0.201\Microsoft.Common.CurrentVersion.targets(5951,5): warning MSB3061: Unable to delete file "C:\Users\Ashvin\.gemini\antigravity\scratch\InternshipManagementSystem\bin\Debug\net8.0\Microsoft.SqlServer.Server.dll". Access to the path 'C:\Users\Ashvin\.gemini\antigravity\scratch\InternshipManagementSystem\bin\Debug\net8.0\Microsoft.SqlServer.Server.dll' is denied. The file is locked by: "InternshipManagementSystem (1908)" [C:\Users\Ashvin\.gemini\antigravity\scratch\InternshipManagementSystem\InternshipManagementSystem.csproj]
C:\Program Files\dotnet\sdk\10.0.201\Microsoft.Common.CurrentVersion.targets(5951,5): warning MSB3061: Unable to delete file "C:\Users\Ashvin\.gemini\antigravity\scratch\InternshipManagementSystem\bin\Debug\net8.0\System.Configuration.ConfigurationManager.dll". Access to the path 'C:\Users\Ashvin\.gemini\antigravity\scratch\InternshipManagementSystem\bin\Debug\net8.0\System.Configuration.ConfigurationManager.dll' is denied. The file is locked by: "InternshipManagementSystem (1908)" [C:\Users\Ashvin\.gemini\antigravity\scratch\InternshipManagementSystem\InternshipManagementSystem.csproj]
C:\Program Files\dotnet\sdk\10.0.201\Microsoft.Common.CurrentVersion.targets(5951,5): warning MSB3061: Unable to delete file "C:\Users\Ashvin\.gemini\antigravity\scratch\InternshipManagementSystem\bin\Debug\net8.0\runtimes\win\lib\net6.0\Microsoft.Data.SqlClient.dll". Access to the path 'C:\Users\Ashvin\.gemini\antigravity\scratch\InternshipManagementSystem\bin\Debug\net8.0\runtimes\win\lib\net6.0\Microsoft.Data.SqlClient.dll' is denied. The file is locked by: "InternshipManagementSystem (1908)" [C:\Users\Ashvin\.gemini\antigravity\scratch\InternshipManagementSystem\InternshipManagementSystem.csproj]
C:\Program Files\dotnet\sdk\10.0.201\Microsoft.Common.CurrentVersion.targets(5951,5): warning MSB3061: Unable to delete file "C:\Users\Ashvin\.gemini\antigravity\scratch\InternshipManagementSystem\bin\Debug\net8.0\runtimes\win-x64\native\Microsoft.Data.SqlClient.SNI.dll". Access to the path 'C:\Users\Ashvin\.gemini\antigravity\scratch\InternshipManagementSystem\bin\Debug\net8.0\runtimes\win-x64\native\Microsoft.Data.SqlClient.SNI.dll' is denied. The file is locked by: "InternshipManagementSystem (1908)" [C:\Users\Ashvin\.gemini\antigravity\scratch\InternshipManagementSystem\InternshipManagementSystem.csproj]
C:\Users\Ashvin\.gemini\antigravity\scratch\InternshipManagementSystem\ApiControllers\DiariesApiController.cs(22,168): warning CS8625: Cannot convert null literal to non-nullable reference type. [C:\Users\Ashvin\.gemini\antigravity\scratch\InternshipManagementSystem\InternshipManagementSystem.csproj]
C:\Users\Ashvin\.gemini\antigravity\scratch\InternshipManagementSystem\ApiControllers\StudentsApiController.cs(23,148): warning CS8625: Cannot convert null literal to non-nullable reference type. [C:\Users\Ashvin\.gemini\antigravity\scratch\InternshipManagementSystem\InternshipManagementSystem.csproj]
C:\Users\Ashvin\.gemini\antigravity\scratch\InternshipManagementSystem\ApiControllers\TasksApiController.cs(22,166): warning CS8625: Cannot convert null literal to non-nullable reference type. [C:\Users\Ashvin\.gemini\antigravity\scratch\InternshipManagementSystem\InternshipManagementSystem.csproj]
C:\Users\Ashvin\.gemini\antigravity\scratch\InternshipManagementSystem\Models\ApiResponse.cs(14,69): warning CS8601: Possible null reference assignment. [C:\Users\Ashvin\.gemini\antigravity\scratch\InternshipManagementSystem\InternshipManagementSystem.csproj]
C:\Users\Ashvin\.gemini\antigravity\scratch\InternshipManagementSystem\ViewModels\LoginViewModel.cs(9,23): warning CS8618: Non-nullable property 'Email' must contain a non-null value when exiting constructor. Consider adding the 'required' modifier or declaring the property as nullable. [C:\Users\Ashvin\.gemini\antigravity\scratch\InternshipManagementSystem\InternshipManagementSystem.csproj]
C:\Users\Ashvin\.gemini\antigravity\scratch\InternshipManagementSystem\ViewModels\LoginViewModel.cs(13,23): warning CS8618: Non-nullable property 'Password' must contain a non-null value when exiting constructor. Consider adding the 'required' modifier or declaring the property as nullable. [C:\Users\Ashvin\.gemini\antigravity\scratch\InternshipManagementSystem\InternshipManagementSystem.csproj]
C:\Users\Ashvin\.gemini\antigravity\scratch\InternshipManagementSystem\ViewModels\InternshipDetailsViewModel.cs(9,23): warning CS8618: Non-nullable property 'CompanyName' must contain a non-null value when exiting constructor. Consider adding the 'required' modifier or declaring the property as nullable. [C:\Users\Ashvin\.gemini\antigravity\scratch\InternshipManagementSystem\InternshipManagementSystem.csproj]
C:\Users\Ashvin\.gemini\antigravity\scratch\InternshipManagementSystem\ViewModels\InternshipDetailsViewModel.cs(13,23): warning CS8618: Non-nullable property 'Role' must contain a non-null value when exiting constructor. Consider adding the 'required' modifier or declaring the property as nullable. [C:\Users\Ashvin\.gemini\antigravity\scratch\InternshipManagementSystem\InternshipManagementSystem.csproj]
C:\Users\Ashvin\.gemini\antigravity\scratch\InternshipManagementSystem\ViewModels\CreateStudentViewModel.cs(9,23): warning CS8618: Non-nullable property 'Name' must contain a non-null value when exiting constructor. Consider adding the 'required' modifier or declaring the property as nullable. [C:\Users\Ashvin\.gemini\antigravity\scratch\InternshipManagementSystem\InternshipManagementSystem.csproj]
C:\Users\Ashvin\.gemini\antigravity\scratch\InternshipManagementSystem\ViewModels\CreateStudentViewModel.cs(14,23): warning CS8618: Non-nullable property 'Email' must contain a non-null value when exiting constructor. Consider adding the 'required' modifier or declaring the property as nullable. [C:\Users\Ashvin\.gemini\antigravity\scratch\InternshipManagementSystem\InternshipManagementSystem.csproj]
C:\Users\Ashvin\.gemini\antigravity\scratch\InternshipManagementSystem\ViewModels\CreateStudentViewModel.cs(17,23): warning CS8618: Non-nullable property 'Password' must contain a non-null value when exiting constructor. Consider adding the 'required' modifier or declaring the property as nullable. [C:\Users\Ashvin\.gemini\antigravity\scratch\InternshipManagementSystem\InternshipManagementSystem.csproj]
C:\Users\Ashvin\.gemini\antigravity\scratch\InternshipManagementSystem\ViewModels\CreateStudentViewModel.cs(22,23): warning CS8618: Non-nullable property 'EnrollmentNumber' must contain a non-null value when exiting constructor. Consider adding the 'required' modifier or declaring the property as nullable. [C:\Users\Ashvin\.gemini\antigravity\scratch\InternshipManagementSystem\InternshipManagementSystem.csproj]
C:\Users\Ashvin\.gemini\antigravity\scratch\InternshipManagementSystem\ViewModels\CreateStudentViewModel.cs(26,23): warning CS8618: Non-nullable property 'Department' must contain a non-null value when exiting constructor. Consider adding the 'required' modifier or declaring the property as nullable. [C:\Users\Ashvin\.gemini\antigravity\scratch\InternshipManagementSystem\InternshipManagementSystem.csproj]
C:\Users\Ashvin\.gemini\antigravity\scratch\InternshipManagementSystem\ViewModels\CreateGuideViewModel.cs(9,23): warning CS8618: Non-nullable property 'Name' must contain a non-null value when exiting constructor. Consider adding the 'required' modifier or declaring the property as nullable. [C:\Users\Ashvin\.gemini\antigravity\scratch\InternshipManagementSystem\InternshipManagementSystem.csproj]
C:\Users\Ashvin\.gemini\antigravity\scratch\InternshipManagementSystem\ViewModels\CreateGuideViewModel.cs(14,23): warning CS8618: Non-nullable property 'Email' must contain a non-null value when exiting constructor. Consider adding the 'required' modifier or declaring the property as nullable. [C:\Users\Ashvin\.gemini\antigravity\scratch\InternshipManagementSystem\InternshipManagementSystem.csproj]
C:\Users\Ashvin\.gemini\antigravity\scratch\InternshipManagementSystem\ViewModels\CreateGuideViewModel.cs(17,23): warning CS8618: Non-nullable property 'Password' must contain a non-null value when exiting constructor. Consider adding the 'required' modifier or declaring the property as nullable. [C:\Users\Ashvin\.gemini\antigravity\scratch\InternshipManagementSystem\InternshipManagementSystem.csproj]
C:\Users\Ashvin\.gemini\antigravity\scratch\InternshipManagementSystem\ViewModels\CreateGuideViewModel.cs(21,23): warning CS8618: Non-nullable property 'Department' must contain a non-null value when exiting constructor. Consider adding the 'required' modifier or declaring the property as nullable. [C:\Users\Ashvin\.gemini\antigravity\scratch\InternshipManagementSystem\InternshipManagementSystem.csproj]
C:\Users\Ashvin\.gemini\antigravity\scratch\InternshipManagementSystem\ViewModels\CreateGuideViewModel.cs(25,23): warning CS8618: Non-nullable property 'Designation' must contain a non-null value when exiting constructor. Consider adding the 'required' modifier or declaring the property as nullable. [C:\Users\Ashvin\.gemini\antigravity\scratch\InternshipManagementSystem\InternshipManagementSystem.csproj]
C:\Users\Ashvin\.gemini\antigravity\scratch\InternshipManagementSystem\ViewModels\AssignTaskViewModel.cs(12,23): warning CS8618: Non-nullable property 'Title' must contain a non-null value when exiting constructor. Consider adding the 'required' modifier or declaring the property as nullable. [C:\Users\Ashvin\.gemini\antigravity\scratch\InternshipManagementSystem\InternshipManagementSystem.csproj]
C:\Users\Ashvin\.gemini\antigravity\scratch\InternshipManagementSystem\ViewModels\AssignTaskViewModel.cs(14,23): warning CS8618: Non-nullable property 'Description' must contain a non-null value when exiting constructor. Consider adding the 'required' modifier or declaring the property as nullable. [C:\Users\Ashvin\.gemini\antigravity\scratch\InternshipManagementSystem\InternshipManagementSystem.csproj]
C:\Users\Ashvin\.gemini\antigravity\scratch\InternshipManagementSystem\ApiControllers\TasksApiController.cs(85,23): warning CS8618: Non-nullable property 'Status' must contain a non-null value when exiting constructor. Consider adding the 'required' modifier or declaring the property as nullable. [C:\Users\Ashvin\.gemini\antigravity\scratch\InternshipManagementSystem\InternshipManagementSystem.csproj]
C:\Users\Ashvin\.gemini\antigravity\scratch\InternshipManagementSystem\Services\StudentService.cs(28,20): warning CS8603: Possible null reference return. [C:\Users\Ashvin\.gemini\antigravity\scratch\InternshipManagementSystem\InternshipManagementSystem.csproj]
C:\Users\Ashvin\.gemini\antigravity\scratch\InternshipManagementSystem\ApiControllers\TasksApiController.cs(47,35): warning CS8601: Possible null reference assignment. [C:\Users\Ashvin\.gemini\antigravity\scratch\InternshipManagementSystem\InternshipManagementSystem.csproj]
C:\Users\Ashvin\.gemini\antigravity\scratch\InternshipManagementSystem\Services\StudentService.cs(91,20): warning CS8603: Possible null reference return. [C:\Users\Ashvin\.gemini\antigravity\scratch\InternshipManagementSystem\InternshipManagementSystem.csproj]
C:\Users\Ashvin\.gemini\antigravity\scratch\InternshipManagementSystem\Services\StudentService.cs(106,38): warning CS8601: Possible null reference assignment. [C:\Users\Ashvin\.gemini\antigravity\scratch\InternshipManagementSystem\InternshipManagementSystem.csproj]
C:\Users\Ashvin\.gemini\antigravity\scratch\InternshipManagementSystem\ApiControllers\TasksApiController.cs(73,66): warning CS8625: Cannot convert null literal to non-nullable reference type. [C:\Users\Ashvin\.gemini\antigravity\scratch\InternshipManagementSystem\InternshipManagementSystem.csproj]
C:\Users\Ashvin\.gemini\antigravity\scratch\InternshipManagementSystem\Controllers\AccountController.cs(27,17): warning CS8602: Dereference of a possibly null reference. [C:\Users\Ashvin\.gemini\antigravity\scratch\InternshipManagementSystem\InternshipManagementSystem.csproj]
C:\Users\Ashvin\.gemini\antigravity\scratch\InternshipManagementSystem\Controllers\AccountController.cs(29,44): warning CS8604: Possible null reference argument for parameter 'role' in 'IActionResult AccountController.RedirectToDashboard(string role)'. [C:\Users\Ashvin\.gemini\antigravity\scratch\InternshipManagementSystem\InternshipManagementSystem.csproj]
C:\Users\Ashvin\.gemini\antigravity\scratch\InternshipManagementSystem\ApiControllers\DocumentsApiController.cs(59,50): warning CS8625: Cannot convert null literal to non-nullable reference type. [C:\Users\Ashvin\.gemini\antigravity\scratch\InternshipManagementSystem\InternshipManagementSystem.csproj]
C:\Users\Ashvin\.gemini\antigravity\scratch\InternshipManagementSystem\DTOs\TaskDto.cs(10,23): warning CS8618: Non-nullable property 'Title' must contain a non-null value when exiting constructor. Consider adding the 'required' modifier or declaring the property as nullable. [C:\Users\Ashvin\.gemini\antigravity\scratch\InternshipManagementSystem\InternshipManagementSystem.csproj]
C:\Users\Ashvin\.gemini\antigravity\scratch\InternshipManagementSystem\DTOs\TaskDto.cs(11,23): warning CS8618: Non-nullable property 'Description' must contain a non-null value when exiting constructor. Consider adding the 'required' modifier or declaring the property as nullable. [C:\Users\Ashvin\.gemini\antigravity\scratch\InternshipManagementSystem\InternshipManagementSystem.csproj]
C:\Users\Ashvin\.gemini\antigravity\scratch\InternshipManagementSystem\DTOs\TaskDto.cs(13,23): warning CS8618: Non-nullable property 'Status' must contain a non-null value when exiting constructor. Consider adding the 'required' modifier or declaring the property as nullable. [C:\Users\Ashvin\.gemini\antigravity\scratch\InternshipManagementSystem\InternshipManagementSystem.csproj]
C:\Users\Ashvin\.gemini\antigravity\scratch\InternshipManagementSystem\ApiControllers\GuidesApiController.cs(31,24): warning CS8601: Possible null reference assignment. [C:\Users\Ashvin\.gemini\antigravity\scratch\InternshipManagementSystem\InternshipManagementSystem.csproj]
C:\Users\Ashvin\.gemini\antigravity\scratch\InternshipManagementSystem\ApiControllers\GuidesApiController.cs(32,25): warning CS8601: Possible null reference assignment. [C:\Users\Ashvin\.gemini\antigravity\scratch\InternshipManagementSystem\InternshipManagementSystem.csproj]
C:\Users\Ashvin\.gemini\antigravity\scratch\InternshipManagementSystem\ApiControllers\GuidesApiController.cs(50,24): warning CS8601: Possible null reference assignment. [C:\Users\Ashvin\.gemini\antigravity\scratch\InternshipManagementSystem\InternshipManagementSystem.csproj]
C:\Users\Ashvin\.gemini\antigravity\scratch\InternshipManagementSystem\ApiControllers\GuidesApiController.cs(51,25): warning CS8601: Possible null reference assignment. [C:\Users\Ashvin\.gemini\antigravity\scratch\InternshipManagementSystem\InternshipManagementSystem.csproj]
C:\Users\Ashvin\.gemini\antigravity\scratch\InternshipManagementSystem\DTOs\DailyDiaryDto.cs(10,23): warning CS8618: Non-nullable property 'WorkDescription' must contain a non-null value when exiting constructor. Consider adding the 'required' modifier or declaring the property as nullable. [C:\Users\Ashvin\.gemini\antigravity\scratch\InternshipManagementSystem\InternshipManagementSystem.csproj]
C:\Users\Ashvin\.gemini\antigravity\scratch\InternshipManagementSystem\DTOs\DailyDiaryDto.cs(11,23): warning CS8618: Non-nullable property 'Status' must contain a non-null value when exiting constructor. Consider adding the 'required' modifier or declaring the property as nullable. [C:\Users\Ashvin\.gemini\antigravity\scratch\InternshipManagementSystem\InternshipManagementSystem.csproj]
C:\Users\Ashvin\.gemini\antigravity\scratch\InternshipManagementSystem\ApiControllers\StudentsApiController.cs(49,28): warning CS8601: Possible null reference assignment. [C:\Users\Ashvin\.gemini\antigravity\scratch\InternshipManagementSystem\InternshipManagementSystem.csproj]
C:\Users\Ashvin\.gemini\antigravity\scratch\InternshipManagementSystem\ApiControllers\StudentsApiController.cs(50,29): warning CS8601: Possible null reference assignment. [C:\Users\Ashvin\.gemini\antigravity\scratch\InternshipManagementSystem\InternshipManagementSystem.csproj]
C:\Users\Ashvin\.gemini\antigravity\scratch\InternshipManagementSystem\ApiControllers\StudentsApiController.cs(77,24): warning CS8601: Possible null reference assignment. [C:\Users\Ashvin\.gemini\antigravity\scratch\InternshipManagementSystem\InternshipManagementSystem.csproj]
C:\Users\Ashvin\.gemini\antigravity\scratch\InternshipManagementSystem\ApiControllers\StudentsApiController.cs(78,25): warning CS8601: Possible null reference assignment. [C:\Users\Ashvin\.gemini\antigravity\scratch\InternshipManagementSystem\InternshipManagementSystem.csproj]
C:\Users\Ashvin\.gemini\antigravity\scratch\InternshipManagementSystem\Controllers\StudentController.cs(191,42): warning CS8601: Possible null reference assignment. [C:\Users\Ashvin\.gemini\antigravity\scratch\InternshipManagementSystem\InternshipManagementSystem.csproj]
C:\Users\Ashvin\.gemini\antigravity\scratch\InternshipManagementSystem\ApiControllers\DiariesApiController.cs(74,50): warning CS8625: Cannot convert null literal to non-nullable reference type. [C:\Users\Ashvin\.gemini\antigravity\scratch\InternshipManagementSystem\InternshipManagementSystem.csproj]
C:\Users\Ashvin\.gemini\antigravity\scratch\InternshipManagementSystem\DTOs\StudentDto.cs(7,23): warning CS8618: Non-nullable property 'EnrollmentNumber' must contain a non-null value when exiting constructor. Consider adding the 'required' modifier or declaring the property as nullable. [C:\Users\Ashvin\.gemini\antigravity\scratch\InternshipManagementSystem\InternshipManagementSystem.csproj]
C:\Users\Ashvin\.gemini\antigravity\scratch\InternshipManagementSystem\DTOs\StudentDto.cs(8,23): warning CS8618: Non-nullable property 'Department' must contain a non-null value when exiting constructor. Consider adding the 'required' modifier or declaring the property as nullable. [C:\Users\Ashvin\.gemini\antigravity\scratch\InternshipManagementSystem\InternshipManagementSystem.csproj]
C:\Users\Ashvin\.gemini\antigravity\scratch\InternshipManagementSystem\DTOs\StudentDto.cs(10,23): warning CS8618: Non-nullable property 'Name' must contain a non-null value when exiting constructor. Consider adding the 'required' modifier or declaring the property as nullable. [C:\Users\Ashvin\.gemini\antigravity\scratch\InternshipManagementSystem\InternshipManagementSystem.csproj]
C:\Users\Ashvin\.gemini\antigravity\scratch\InternshipManagementSystem\DTOs\StudentDto.cs(11,23): warning CS8618: Non-nullable property 'Email' must contain a non-null value when exiting constructor. Consider adding the 'required' modifier or declaring the property as nullable. [C:\Users\Ashvin\.gemini\antigravity\scratch\InternshipManagementSystem\InternshipManagementSystem.csproj]
C:\Users\Ashvin\.gemini\antigravity\scratch\InternshipManagementSystem\DTOs\DocumentDto.cs(9,23): warning CS8618: Non-nullable property 'FileName' must contain a non-null value when exiting constructor. Consider adding the 'required' modifier or declaring the property as nullable. [C:\Users\Ashvin\.gemini\antigravity\scratch\InternshipManagementSystem\InternshipManagementSystem.csproj]
C:\Users\Ashvin\.gemini\antigravity\scratch\InternshipManagementSystem\DTOs\DocumentDto.cs(10,23): warning CS8618: Non-nullable property 'FilePath' must contain a non-null value when exiting constructor. Consider adding the 'required' modifier or declaring the property as nullable. [C:\Users\Ashvin\.gemini\antigravity\scratch\InternshipManagementSystem\InternshipManagementSystem.csproj]
C:\Users\Ashvin\.gemini\antigravity\scratch\InternshipManagementSystem\DTOs\GuideDto.cs(7,23): warning CS8618: Non-nullable property 'Department' must contain a non-null value when exiting constructor. Consider adding the 'required' modifier or declaring the property as nullable. [C:\Users\Ashvin\.gemini\antigravity\scratch\InternshipManagementSystem\InternshipManagementSystem.csproj]
C:\Users\Ashvin\.gemini\antigravity\scratch\InternshipManagementSystem\DTOs\GuideDto.cs(8,23): warning CS8618: Non-nullable property 'Designation' must contain a non-null value when exiting constructor. Consider adding the 'required' modifier or declaring the property as nullable. [C:\Users\Ashvin\.gemini\antigravity\scratch\InternshipManagementSystem\InternshipManagementSystem.csproj]
C:\Users\Ashvin\.gemini\antigravity\scratch\InternshipManagementSystem\DTOs\GuideDto.cs(9,23): warning CS8618: Non-nullable property 'Name' must contain a non-null value when exiting constructor. Consider adding the 'required' modifier or declaring the property as nullable. [C:\Users\Ashvin\.gemini\antigravity\scratch\InternshipManagementSystem\InternshipManagementSystem.csproj]
C:\Users\Ashvin\.gemini\antigravity\scratch\InternshipManagementSystem\DTOs\GuideDto.cs(10,23): warning CS8618: Non-nullable property 'Email' must contain a non-null value when exiting constructor. Consider adding the 'required' modifier or declaring the property as nullable. [C:\Users\Ashvin\.gemini\antigravity\scratch\InternshipManagementSystem\InternshipManagementSystem.csproj]
C:\Users\Ashvin\.gemini\antigravity\scratch\InternshipManagementSystem\ApiControllers\HealthController.cs(53,27): warning CS8618: Non-nullable property 'Status' must contain a non-null value when exiting constructor. Consider adding the 'required' modifier or declaring the property as nullable. [C:\Users\Ashvin\.gemini\antigravity\scratch\InternshipManagementSystem\InternshipManagementSystem.csproj]
C:\Users\Ashvin\.gemini\antigravity\scratch\InternshipManagementSystem\ApiControllers\HealthController.cs(55,27): warning CS8618: Non-nullable property 'Database' must contain a non-null value when exiting constructor. Consider adding the 'required' modifier or declaring the property as nullable. [C:\Users\Ashvin\.gemini\antigravity\scratch\InternshipManagementSystem\InternshipManagementSystem.csproj]
C:\Users\Ashvin\.gemini\antigravity\scratch\InternshipManagementSystem\Models\WeeklyReport.cs(13,24): warning CS8618: Non-nullable property 'Student' must contain a non-null value when exiting constructor. Consider adding the 'required' modifier or declaring the property as nullable. [C:\Users\Ashvin\.gemini\antigravity\scratch\InternshipManagementSystem\InternshipManagementSystem.csproj]
C:\Users\Ashvin\.gemini\antigravity\scratch\InternshipManagementSystem\Models\WeeklyReport.cs(18,23): warning CS8618: Non-nullable property 'Summary' must contain a non-null value when exiting constructor. Consider adding the 'required' modifier or declaring the property as nullable. [C:\Users\Ashvin\.gemini\antigravity\scratch\InternshipManagementSystem\InternshipManagementSystem.csproj]
C:\Users\Ashvin\.gemini\antigravity\scratch\InternshipManagementSystem\Models\User.cs(13,23): warning CS8618: Non-nullable property 'Name' must contain a non-null value when exiting constructor. Consider adding the 'required' modifier or declaring the property as nullable. [C:\Users\Ashvin\.gemini\antigravity\scratch\InternshipManagementSystem\InternshipManagementSystem.csproj]
C:\Users\Ashvin\.gemini\antigravity\scratch\InternshipManagementSystem\Models\User.cs(18,23): warning CS8618: Non-nullable property 'Email' must contain a non-null value when exiting constructor. Consider adding the 'required' modifier or declaring the property as nullable. [C:\Users\Ashvin\.gemini\antigravity\scratch\InternshipManagementSystem\InternshipManagementSystem.csproj]
C:\Users\Ashvin\.gemini\antigravity\scratch\InternshipManagementSystem\Models\User.cs(22,23): warning CS8618: Non-nullable property 'Password' must contain a non-null value when exiting constructor. Consider adding the 'required' modifier or declaring the property as nullable. [C:\Users\Ashvin\.gemini\antigravity\scratch\InternshipManagementSystem\InternshipManagementSystem.csproj]
C:\Users\Ashvin\.gemini\antigravity\scratch\InternshipManagementSystem\Models\User.cs(26,23): warning CS8618: Non-nullable property 'Role' must contain a non-null value when exiting constructor. Consider adding the 'required' modifier or declaring the property as nullable. [C:\Users\Ashvin\.gemini\antigravity\scratch\InternshipManagementSystem\InternshipManagementSystem.csproj]
C:\Users\Ashvin\.gemini\antigravity\scratch\InternshipManagementSystem\Views\Shared\_Layout.cshtml(107,10): warning CS8602: Dereference of a possibly null reference. [C:\Users\Ashvin\.gemini\antigravity\scratch\InternshipManagementSystem\InternshipManagementSystem.csproj]
C:\Users\Ashvin\.gemini\antigravity\scratch\InternshipManagementSystem\Models\Student.cs(13,21): warning CS8618: Non-nullable property 'User' must contain a non-null value when exiting constructor. Consider adding the 'required' modifier or declaring the property as nullable. [C:\Users\Ashvin\.gemini\antigravity\scratch\InternshipManagementSystem\InternshipManagementSystem.csproj]
C:\Users\Ashvin\.gemini\antigravity\scratch\InternshipManagementSystem\Models\Student.cs(17,23): warning CS8618: Non-nullable property 'EnrollmentNumber' must contain a non-null value when exiting constructor. Consider adding the 'required' modifier or declaring the property as nullable. [C:\Users\Ashvin\.gemini\antigravity\scratch\InternshipManagementSystem\InternshipManagementSystem.csproj]
C:\Users\Ashvin\.gemini\antigravity\scratch\InternshipManagementSystem\Models\Student.cs(21,23): warning CS8618: Non-nullable property 'Department' must contain a non-null value when exiting constructor. Consider adding the 'required' modifier or declaring the property as nullable. [C:\Users\Ashvin\.gemini\antigravity\scratch\InternshipManagementSystem\InternshipManagementSystem.csproj]
C:\Users\Ashvin\.gemini\antigravity\scratch\InternshipManagementSystem\Models\InternshipTask.cs(14,22): warning CS8618: Non-nullable property 'Guide' must contain a non-null value when exiting constructor. Consider adding the 'required' modifier or declaring the property as nullable. [C:\Users\Ashvin\.gemini\antigravity\scratch\InternshipManagementSystem\InternshipManagementSystem.csproj]
C:\Users\Ashvin\.gemini\antigravity\scratch\InternshipManagementSystem\Models\InternshipTask.cs(18,24): warning CS8618: Non-nullable property 'Student' must contain a non-null value when exiting constructor. Consider adding the 'required' modifier or declaring the property as nullable. [C:\Users\Ashvin\.gemini\antigravity\scratch\InternshipManagementSystem\InternshipManagementSystem.csproj]
C:\Users\Ashvin\.gemini\antigravity\scratch\InternshipManagementSystem\Models\InternshipTask.cs(22,23): warning CS8618: Non-nullable property 'Title' must contain a non-null value when exiting constructor. Consider adding the 'required' modifier or declaring the property as nullable. [C:\Users\Ashvin\.gemini\antigravity\scratch\InternshipManagementSystem\InternshipManagementSystem.csproj]
C:\Users\Ashvin\.gemini\antigravity\scratch\InternshipManagementSystem\Models\InternshipDetails.cs(14,24): warning CS8618: Non-nullable property 'Student' must contain a non-null value when exiting constructor. Consider adding the 'required' modifier or declaring the property as nullable. [C:\Users\Ashvin\.gemini\antigravity\scratch\InternshipManagementSystem\InternshipManagementSystem.csproj]
C:\Users\Ashvin\.gemini\antigravity\scratch\InternshipManagementSystem\Models\InternshipDetails.cs(18,23): warning CS8618: Non-nullable property 'CompanyName' must contain a non-null value when exiting constructor. Consider adding the 'required' modifier or declaring the property as nullable. [C:\Users\Ashvin\.gemini\antigravity\scratch\InternshipManagementSystem\InternshipManagementSystem.csproj]
C:\Users\Ashvin\.gemini\antigravity\scratch\InternshipManagementSystem\Models\InternshipDetails.cs(22,23): warning CS8618: Non-nullable property 'Role' must contain a non-null value when exiting constructor. Consider adding the 'required' modifier or declaring the property as nullable. [C:\Users\Ashvin\.gemini\antigravity\scratch\InternshipManagementSystem\InternshipManagementSystem.csproj]
C:\Users\Ashvin\.gemini\antigravity\scratch\InternshipManagementSystem\Models\InternshipDetails.cs(25,23): warning CS8618: Non-nullable property 'TechnologyUsed' must contain a non-null value when exiting constructor. Consider adding the 'required' modifier or declaring the property as nullable. [C:\Users\Ashvin\.gemini\antigravity\scratch\InternshipManagementSystem\InternshipManagementSystem.csproj]
C:\Users\Ashvin\.gemini\antigravity\scratch\InternshipManagementSystem\Models\GuideAssignment.cs(13,22): warning CS8618: Non-nullable property 'Guide' must contain a non-null value when exiting constructor. Consider adding the 'required' modifier or declaring the property as nullable. [C:\Users\Ashvin\.gemini\antigravity\scratch\InternshipManagementSystem\InternshipManagementSystem.csproj]
C:\Users\Ashvin\.gemini\antigravity\scratch\InternshipManagementSystem\Models\GuideAssignment.cs(17,24): warning CS8618: Non-nullable property 'Student' must contain a non-null value when exiting constructor. Consider adding the 'required' modifier or declaring the property as nullable. [C:\Users\Ashvin\.gemini\antigravity\scratch\InternshipManagementSystem\InternshipManagementSystem.csproj]
C:\Users\Ashvin\.gemini\antigravity\scratch\InternshipManagementSystem\Models\Guide.cs(13,21): warning CS8618: Non-nullable property 'User' must contain a non-null value when exiting constructor. Consider adding the 'required' modifier or declaring the property as nullable. [C:\Users\Ashvin\.gemini\antigravity\scratch\InternshipManagementSystem\InternshipManagementSystem.csproj]
C:\Users\Ashvin\.gemini\antigravity\scratch\InternshipManagementSystem\Models\Guide.cs(17,23): warning CS8618: Non-nullable property 'Department' must contain a non-null value when exiting constructor. Consider adding the 'required' modifier or declaring the property as nullable. [C:\Users\Ashvin\.gemini\antigravity\scratch\InternshipManagementSystem\InternshipManagementSystem.csproj]
C:\Users\Ashvin\.gemini\antigravity\scratch\InternshipManagementSystem\Models\Guide.cs(21,23): warning CS8618: Non-nullable property 'Designation' must contain a non-null value when exiting constructor. Consider adding the 'required' modifier or declaring the property as nullable. [C:\Users\Ashvin\.gemini\antigravity\scratch\InternshipManagementSystem\InternshipManagementSystem.csproj]
C:\Users\Ashvin\.gemini\antigravity\scratch\InternshipManagementSystem\Models\Feedback.cs(13,22): warning CS8618: Non-nullable property 'Guide' must contain a non-null value when exiting constructor. Consider adding the 'required' modifier or declaring the property as nullable. [C:\Users\Ashvin\.gemini\antigravity\scratch\InternshipManagementSystem\InternshipManagementSystem.csproj]
C:\Users\Ashvin\.gemini\antigravity\scratch\InternshipManagementSystem\Models\Feedback.cs(17,24): warning CS8618: Non-nullable property 'Student' must contain a non-null value when exiting constructor. Consider adding the 'required' modifier or declaring the property as nullable. [C:\Users\Ashvin\.gemini\antigravity\scratch\InternshipManagementSystem\InternshipManagementSystem.csproj]
C:\Users\Ashvin\.gemini\antigravity\scratch\InternshipManagementSystem\Models\Document.cs(14,24): warning CS8618: Non-nullable property 'Student' must contain a non-null value when exiting constructor. Consider adding the 'required' modifier or declaring the property as nullable. [C:\Users\Ashvin\.gemini\antigravity\scratch\InternshipManagementSystem\InternshipManagementSystem.csproj]
C:\Users\Ashvin\.gemini\antigravity\scratch\InternshipManagementSystem\Models\Document.cs(18,23): warning CS8618: Non-nullable property 'FileName' must contain a non-null value when exiting constructor. Consider adding the 'required' modifier or declaring the property as nullable. [C:\Users\Ashvin\.gemini\antigravity\scratch\InternshipManagementSystem\InternshipManagementSystem.csproj]
C:\Users\Ashvin\.gemini\antigravity\scratch\InternshipManagementSystem\Models\Document.cs(21,23): warning CS8618: Non-nullable property 'FilePath' must contain a non-null value when exiting constructor. Consider adding the 'required' modifier or declaring the property as nullable. [C:\Users\Ashvin\.gemini\antigravity\scratch\InternshipManagementSystem\InternshipManagementSystem.csproj]
C:\Users\Ashvin\.gemini\antigravity\scratch\InternshipManagementSystem\Models\DailyDiary.cs(14,24): warning CS8618: Non-nullable property 'Student' must contain a non-null value when exiting constructor. Consider adding the 'required' modifier or declaring the property as nullable. [C:\Users\Ashvin\.gemini\antigravity\scratch\InternshipManagementSystem\InternshipManagementSystem.csproj]
C:\Users\Ashvin\.gemini\antigravity\scratch\InternshipManagementSystem\Models\DailyDiary.cs(19,23): warning CS8618: Non-nullable property 'WorkDescription' must contain a non-null value when exiting constructor. Consider adding the 'required' modifier or declaring the property as nullable. [C:\Users\Ashvin\.gemini\antigravity\scratch\InternshipManagementSystem\InternshipManagementSystem.csproj]
C:\Users\Ashvin\.gemini\antigravity\scratch\InternshipManagementSystem\Models\ApiResponse.cs(6,23): warning CS8618: Non-nullable property 'Message' must contain a non-null value when exiting constructor. Consider adding the 'required' modifier or declaring the property as nullable. [C:\Users\Ashvin\.gemini\antigravity\scratch\InternshipManagementSystem\InternshipManagementSystem.csproj]
C:\Users\Ashvin\.gemini\antigravity\scratch\InternshipManagementSystem\Models\ApiResponse.cs(7,18): warning CS8618: Non-nullable property 'Data' must contain a non-null value when exiting constructor. Consider adding the 'required' modifier or declaring the property as nullable. [C:\Users\Ashvin\.gemini\antigravity\scratch\InternshipManagementSystem\InternshipManagementSystem.csproj]
C:\Users\Ashvin\.gemini\antigravity\scratch\InternshipManagementSystem\Services\DailyDiaryService.cs(43,20): warning CS8603: Possible null reference return. [C:\Users\Ashvin\.gemini\antigravity\scratch\InternshipManagementSystem\InternshipManagementSystem.csproj]
C:\Users\Ashvin\.gemini\antigravity\scratch\InternshipManagementSystem\Services\GuideService.cs(28,20): warning CS8603: Possible null reference return. [C:\Users\Ashvin\.gemini\antigravity\scratch\InternshipManagementSystem\InternshipManagementSystem.csproj]
C:\Users\Ashvin\.gemini\antigravity\scratch\InternshipManagementSystem\Services\DocumentService.cs(31,20): warning CS8603: Possible null reference return. [C:\Users\Ashvin\.gemini\antigravity\scratch\InternshipManagementSystem\InternshipManagementSystem.csproj]
C:\Users\Ashvin\.gemini\antigravity\scratch\InternshipManagementSystem\Services\DocumentService.cs(55,24): warning CS8619: Nullability of reference types in value of type '(bool, string, string?)' doesn't match target type '(bool Success, string Message, string FileName)'. [C:\Users\Ashvin\.gemini\antigravity\scratch\InternshipManagementSystem\InternshipManagementSystem.csproj]
C:\Users\Ashvin\.gemini\antigravity\scratch\InternshipManagementSystem\Services\DocumentService.cs(62,24): warning CS8619: Nullability of reference types in value of type '(bool, string, string?)' doesn't match target type '(bool Success, string Message, string FileName)'. [C:\Users\Ashvin\.gemini\antigravity\scratch\InternshipManagementSystem\InternshipManagementSystem.csproj]
C:\Users\Ashvin\.gemini\antigravity\scratch\InternshipManagementSystem\Services\DocumentService.cs(68,24): warning CS8619: Nullability of reference types in value of type '(bool, string, string?)' doesn't match target type '(bool Success, string Message, string FileName)'. [C:\Users\Ashvin\.gemini\antigravity\scratch\InternshipManagementSystem\InternshipManagementSystem.csproj]
C:\Users\Ashvin\.gemini\antigravity\scratch\InternshipManagementSystem\Services\DocumentService.cs(90,24): warning CS8619: Nullability of reference types in value of type '(bool, string, string?)' doesn't match target type '(bool Success, string Message, string FileName)'. [C:\Users\Ashvin\.gemini\antigravity\scratch\InternshipManagementSystem\InternshipManagementSystem.csproj]
C:\Users\Ashvin\.gemini\antigravity\scratch\InternshipManagementSystem\Services\GuideService.cs(144,20): warning CS8603: Possible null reference return. [C:\Users\Ashvin\.gemini\antigravity\scratch\InternshipManagementSystem\InternshipManagementSystem.csproj]
C:\Program Files\dotnet\sdk\10.0.201\Microsoft.Common.CurrentVersion.targets(5395,5): warning MSB3026: Could not copy "C:\Users\Ashvin\.gemini\antigravity\scratch\InternshipManagementSystem\obj\Debug\net8.0\apphost.exe" to "bin\Debug\net8.0\InternshipManagementSystem.exe". Beginning retry 1 in 1000ms. The process cannot access the file 'C:\Users\Ashvin\.gemini\antigravity\scratch\InternshipManagementSystem\bin\Debug\net8.0\InternshipManagementSystem.exe' because it is being used by another process. The file is locked by: "InternshipManagementSystem (1908)" [C:\Users\Ashvin\.gemini\antigravity\scratch\InternshipManagementSystem\InternshipManagementSystem.csproj]
C:\Program Files\dotnet\sdk\10.0.201\Microsoft.Common.CurrentVersion.targets(5395,5): warning MSB3026: Could not copy "C:\Users\Ashvin\.gemini\antigravity\scratch\InternshipManagementSystem\obj\Debug\net8.0\apphost.exe" to "bin\Debug\net8.0\InternshipManagementSystem.exe". Beginning retry 2 in 1000ms. The process cannot access the file 'C:\Users\Ashvin\.gemini\antigravity\scratch\InternshipManagementSystem\bin\Debug\net8.0\InternshipManagementSystem.exe' because it is being used by another process. The file is locked by: "InternshipManagementSystem (1908)" [C:\Users\Ashvin\.gemini\antigravity\scratch\InternshipManagementSystem\InternshipManagementSystem.csproj]
C:\Program Files\dotnet\sdk\10.0.201\Microsoft.Common.CurrentVersion.targets(5395,5): warning MSB3026: Could not copy "C:\Users\Ashvin\.gemini\antigravity\scratch\InternshipManagementSystem\obj\Debug\net8.0\apphost.exe" to "bin\Debug\net8.0\InternshipManagementSystem.exe". Beginning retry 3 in 1000ms. The process cannot access the file 'C:\Users\Ashvin\.gemini\antigravity\scratch\InternshipManagementSystem\bin\Debug\net8.0\InternshipManagementSystem.exe' because it is being used by another process. The file is locked by: "InternshipManagementSystem (1908)" [C:\Users\Ashvin\.gemini\antigravity\scratch\InternshipManagementSystem\InternshipManagementSystem.csproj]
C:\Program Files\dotnet\sdk\10.0.201\Microsoft.Common.CurrentVersion.targets(5395,5): warning MSB3026: Could not copy "C:\Users\Ashvin\.gemini\antigravity\scratch\InternshipManagementSystem\obj\Debug\net8.0\apphost.exe" to "bin\Debug\net8.0\InternshipManagementSystem.exe". Beginning retry 4 in 1000ms. The process cannot access the file 'C:\Users\Ashvin\.gemini\antigravity\scratch\InternshipManagementSystem\bin\Debug\net8.0\InternshipManagementSystem.exe' because it is being used by another process. The file is locked by: "InternshipManagementSystem (1908)" [C:\Users\Ashvin\.gemini\antigravity\scratch\InternshipManagementSystem\InternshipManagementSystem.csproj]
C:\Program Files\dotnet\sdk\10.0.201\Microsoft.Common.CurrentVersion.targets(5395,5): warning MSB3026: Could not copy "C:\Users\Ashvin\.gemini\antigravity\scratch\InternshipManagementSystem\obj\Debug\net8.0\apphost.exe" to "bin\Debug\net8.0\InternshipManagementSystem.exe". Beginning retry 5 in 1000ms. The process cannot access the file 'C:\Users\Ashvin\.gemini\antigravity\scratch\InternshipManagementSystem\bin\Debug\net8.0\InternshipManagementSystem.exe' because it is being used by another process. The file is locked by: "InternshipManagementSystem (1908)" [C:\Users\Ashvin\.gemini\antigravity\scratch\InternshipManagementSystem\InternshipManagementSystem.csproj]
C:\Program Files\dotnet\sdk\10.0.201\Microsoft.Common.CurrentVersion.targets(5395,5): warning MSB3026: Could not copy "C:\Users\Ashvin\.gemini\antigravity\scratch\InternshipManagementSystem\obj\Debug\net8.0\apphost.exe" to "bin\Debug\net8.0\InternshipManagementSystem.exe". Beginning retry 6 in 1000ms. The process cannot access the file 'C:\Users\Ashvin\.gemini\antigravity\scratch\InternshipManagementSystem\bin\Debug\net8.0\InternshipManagementSystem.exe' because it is being used by another process. The file is locked by: "InternshipManagementSystem (1908)" [C:\Users\Ashvin\.gemini\antigravity\scratch\InternshipManagementSystem\InternshipManagementSystem.csproj]
C:\Program Files\dotnet\sdk\10.0.201\Microsoft.Common.CurrentVersion.targets(5395,5): warning MSB3026: Could not copy "C:\Users\Ashvin\.gemini\antigravity\scratch\InternshipManagementSystem\obj\Debug\net8.0\apphost.exe" to "bin\Debug\net8.0\InternshipManagementSystem.exe". Beginning retry 7 in 1000ms. The process cannot access the file 'C:\Users\Ashvin\.gemini\antigravity\scratch\InternshipManagementSystem\bin\Debug\net8.0\InternshipManagementSystem.exe' because it is being used by another process. The file is locked by: "InternshipManagementSystem (1908)" [C:\Users\Ashvin\.gemini\antigravity\scratch\InternshipManagementSystem\InternshipManagementSystem.csproj]
C:\Program Files\dotnet\sdk\10.0.201\Microsoft.Common.CurrentVersion.targets(5395,5): warning MSB3026: Could not copy "C:\Users\Ashvin\.gemini\antigravity\scratch\InternshipManagementSystem\obj\Debug\net8.0\apphost.exe" to "bin\Debug\net8.0\InternshipManagementSystem.exe". Beginning retry 8 in 1000ms. The process cannot access the file 'C:\Users\Ashvin\.gemini\antigravity\scratch\InternshipManagementSystem\bin\Debug\net8.0\InternshipManagementSystem.exe' because it is being used by another process. The file is locked by: "InternshipManagementSystem (1908)" [C:\Users\Ashvin\.gemini\antigravity\scratch\InternshipManagementSystem\InternshipManagementSystem.csproj]
C:\Program Files\dotnet\sdk\10.0.201\Microsoft.Common.CurrentVersion.targets(5395,5): warning MSB3026: Could not copy "C:\Users\Ashvin\.gemini\antigravity\scratch\InternshipManagementSystem\obj\Debug\net8.0\apphost.exe" to "bin\Debug\net8.0\InternshipManagementSystem.exe". Beginning retry 9 in 1000ms. The process cannot access the file 'C:\Users\Ashvin\.gemini\antigravity\scratch\InternshipManagementSystem\bin\Debug\net8.0\InternshipManagementSystem.exe' because it is being used by another process. The file is locked by: "InternshipManagementSystem (1908)" [C:\Users\Ashvin\.gemini\antigravity\scratch\InternshipManagementSystem\InternshipManagementSystem.csproj]
C:\Program Files\dotnet\sdk\10.0.201\Microsoft.Common.CurrentVersion.targets(5395,5): warning MSB3026: Could not copy "C:\Users\Ashvin\.gemini\antigravity\scratch\InternshipManagementSystem\obj\Debug\net8.0\apphost.exe" to "bin\Debug\net8.0\InternshipManagementSystem.exe". Beginning retry 10 in 1000ms. The process cannot access the file 'C:\Users\Ashvin\.gemini\antigravity\scratch\InternshipManagementSystem\bin\Debug\net8.0\InternshipManagementSystem.exe' because it is being used by another process. The file is locked by: "InternshipManagementSystem (1908)" [C:\Users\Ashvin\.gemini\antigravity\scratch\InternshipManagementSystem\InternshipManagementSystem.csproj]
C:\Program Files\dotnet\sdk\10.0.201\Microsoft.Common.CurrentVersion.targets(5395,5): error MSB3027: Could not copy "C:\Users\Ashvin\.gemini\antigravity\scratch\InternshipManagementSystem\obj\Debug\net8.0\apphost.exe" to "bin\Debug\net8.0\InternshipManagementSystem.exe". Exceeded retry count of 10. Failed. The file is locked by: "InternshipManagementSystem (1908)" [C:\Users\Ashvin\.gemini\antigravity\scratch\InternshipManagementSystem\InternshipManagementSystem.csproj]
C:\Program Files\dotnet\sdk\10.0.201\Microsoft.Common.CurrentVersion.targets(5395,5): error MSB3021: Unable to copy file "C:\Users\Ashvin\.gemini\antigravity\scratch\InternshipManagementSystem\obj\Debug\net8.0\apphost.exe" to "bin\Debug\net8.0\InternshipManagementSystem.exe". The process cannot access the file 'C:\Users\Ashvin\.gemini\antigravity\scratch\InternshipManagementSystem\bin\Debug\net8.0\InternshipManagementSystem.exe' because it is being used by another process. [C:\Users\Ashvin\.gemini\antigravity\scratch\InternshipManagementSystem\InternshipManagementSystem.csproj]
    116 Warning(s)
    2 Error(s)

Time Elapsed 00:00:14.49
