  Determining projects to restore...
  All projects are up-to-date for restore.
C:\Users\Ashvin\.gemini\antigravity\scratch\InternshipManagementSystem\Models\ApiResponse.cs(14,69): warning CS8601: Possible null reference assignment. [C:\Users\Ashvin\.gemini\antigravity\scratch\InternshipManagementSystem\InternshipManagementSystem.csproj]
C:\Users\Ashvin\.gemini\antigravity\scratch\InternshipManagementSystem\ViewModels\LoginViewModel.cs(9,23): warning CS8618: Non-nullable property 'Email' must contain a non-null value when exiting constructor. Consider adding the 'required' modifier or declaring the property as nullable. [C:\Users\Ashvin\.gemini\antigravity\scratch\InternshipManagementSystem\InternshipManagementSystem.csproj]
C:\Users\Ashvin\.gemini\antigravity\scratch\InternshipManagementSystem\ViewModels\LoginViewModel.cs(13,23): warning CS8618: Non-nullable property 'Password' must contain a non-null value when exiting constructor. Consider adding the 'required' modifier or declaring the property as nullable. [C:\Users\Ashvin\.gemini\antigravity\scratch\InternshipManagementSystem\InternshipManagementSystem.csproj]
C:\Users\Ashvin\.gemini\antigravity\scratch\InternshipManagementSystem\ViewModels\InternshipDetailsViewModel.cs(9,23): warning CS8618: Non-nullable property 'CompanyName' must contain a non-null value when exiting constructor. Consider adding the 'required' modifier or declaring the property as nullable. [C:\Users\Ashvin\.gemini\antigravity\scratch\InternshipManagementSystem\InternshipManagementSystem.csproj]
C:\Users\Ashvin\.gemini\antigravity\scratch\InternshipManagementSystem\ViewModels\InternshipDetailsViewModel.cs(13,23): warning CS8618: Non-nullable property 'Role' must contain a non-null value when exiting constructor. Consider adding the 'required' modifier or declaring the property as nullable. [C:\Users\Ashvin\.gemini\antigravity\scratch\InternshipManagementSystem\InternshipManagementSystem.csproj]
C:\Users\Ashvin\.gemini\antigravity\scratch\InternshipManagementSystem\ViewModels\CreateStudentViewModel.cs(9,23): warning CS8618: Non-nullable property 'Name' must contain a non-null value when exiting constructor. Consider adding the 'required' modifier or declaring the property as nullable. [C:\Users\Ashvin\.gemini\antigravity\scratch\InternshipManagementSystem\InternshipManagementSystem.csproj]
C:\Users\Ashvin\.gemini\antigravity\scratch\InternshipManagementSystem\ViewModels\CreateStudentViewModel.cs(14,23): warning CS8618: Non-nullable property 'Email' must contain a non-null value when exiting constructor. Consider adding the 'required' modifier or declaring the property as nullable. [C:\Users\Ashvin\.gemini\antigravity\scratch\InternshipManagementSystem\InternshipManagementSystem.csproj]
C:\Users\Ashvin\.gemini\antigravity\scratch\InternshipManagementSystem\ViewModels\CreateStudentViewModel.cs(17,23): warning CS8618: Non-nullable property 'Password' must contain a non-null value when exiting constructor. Consider adding the 'required' modifier or declaring the property as nullable. [C:\Users\Ashvin\.gemini\antigravity\scratch\InternshipManagementSystem\InternshipManagementSystem.csproj]
C:\Users\Ashvin\.gemini\antigravity\scratch\InternshipManagementSystem\ViewModels\CreateStudentViewModel.cs(22,23): warning CS8618: Non-nullable property 'EnrollmentNumber' must contain a non-null value when exiting constructor. Consider adding the 'required' modifier or declaring the property as nullable. [C:\Users\Ashvin\.gemini\antigravity\scratch\InternshipManagementSystem\InternshipManagementSystem.csproj]
C:\Users\Ashvin\.gemini\antigravity\scratch\InternshipManagementSystem\ViewModels\CreateStudentViewModel.cs(26,23): warning CS8618: Non-nullable property 'Department' must contain a non-null value when exiting constructor. Consider adding the 'required' modifier or declaring the property as nullable. [C:\Users\Ashvin\.gemini\antigravity\scratch\InternshipManagementSystem\InternshipManagementSystem.csproj]
C:\Users\Ashvin\.gemini\antigravity\scratch\InternshipManagementSystem\ViewModels\CreateGuideViewModel.cs(9,23): warning CS8618: Non-nullable property 'Name' must contain a non-null value when exiting constructor. Consider adding the 'required' modifier or declaring the property as nullable. [C:\Users\Ashvin\.gemini\antigravity\scratch\InternshipManagementSystem\InternshipManagementSystem.csproj]
C:\Users\Ashvin\.gemini\antigravity\scratch\InternshipManagementSystem\ViewModels\CreateGuideViewModel.cs(14,23): warning CS8618: Non-nullable property 'Email' must contain a non-null value when exiting constructor. Consider adding the 'required' modifier or declaring the property as nullable. [C:\Users\Ashvin\.gemini\antigravity\scratch\InternshipManagementSystem\InternshipManagementSystem.csproj]
C:\Users\Ashvin\.gemini\antigravity\scratch\InternshipManagementSystem\ViewModels\CreateGuideViewModel.cs(17,23): warning CS8618: Non-nullable property 'Password' must contain a non-null value when exiting constructor. Consider adding the 'required' modifier or declaring the property as nullable. [C:\Users\Ashvin\.gemini\antigravity\scratch\InternshipManagementSystem\InternshipManagementSystem.csproj]
C:\Users\Ashvin\.gemini\antigravity\scratch\InternshipManagementSystem\ViewModels\CreateGuideViewModel.cs(21,23): warning CS8618: Non-nullable property 'Department' must contain a non-null value when exiting constructor. Consider adding the 'required' modifier or declaring the property as nullable. [C:\Users\Ashvin\.gemini\antigravity\scratch\InternshipManagementSystem\InternshipManagementSystem.csproj]
C:\Users\Ashvin\.gemini\antigravity\scratch\InternshipManagementSystem\ViewModels\CreateGuideViewModel.cs(25,23): warning CS8618: Non-nullable property 'Designation' must contain a non-null value when exiting constructor. Consider adding the 'required' modifier or declaring the property as nullable. [C:\Users\Ashvin\.gemini\antigravity\scratch\InternshipManagementSystem\InternshipManagementSystem.csproj]
C:\Users\Ashvin\.gemini\antigravity\scratch\InternshipManagementSystem\ViewModels\AssignTaskViewModel.cs(12,23): warning CS8618: Non-nullable property 'Title' must contain a non-null value when exiting constructor. Consider adding the 'required' modifier or declaring the property as nullable. [C:\Users\Ashvin\.gemini\antigravity\scratch\InternshipManagementSystem\InternshipManagementSystem.csproj]
C:\Users\Ashvin\.gemini\antigravity\scratch\InternshipManagementSystem\ViewModels\AssignTaskViewModel.cs(14,23): warning CS8618: Non-nullable property 'Description' must contain a non-null value when exiting constructor. Consider adding the 'required' modifier or declaring the property as nullable. [C:\Users\Ashvin\.gemini\antigravity\scratch\InternshipManagementSystem\InternshipManagementSystem.csproj]
C:\Users\Ashvin\.gemini\antigravity\scratch\InternshipManagementSystem\ApiControllers\TasksApiController.cs(49,23): warning CS8618: Non-nullable property 'Status' must contain a non-null value when exiting constructor. Consider adding the 'required' modifier or declaring the property as nullable. [C:\Users\Ashvin\.gemini\antigravity\scratch\InternshipManagementSystem\InternshipManagementSystem.csproj]
C:\Users\Ashvin\.gemini\antigravity\scratch\InternshipManagementSystem\ApiControllers\TasksApiController.cs(29,31): warning CS8601: Possible null reference assignment. [C:\Users\Ashvin\.gemini\antigravity\scratch\InternshipManagementSystem\InternshipManagementSystem.csproj]
C:\Users\Ashvin\.gemini\antigravity\scratch\InternshipManagementSystem\ApiControllers\TasksApiController.cs(41,66): warning CS8625: Cannot convert null literal to non-nullable reference type. [C:\Users\Ashvin\.gemini\antigravity\scratch\InternshipManagementSystem\InternshipManagementSystem.csproj]
C:\Users\Ashvin\.gemini\antigravity\scratch\InternshipManagementSystem\ApiControllers\StudentsApiController.cs(32,24): warning CS8601: Possible null reference assignment. [C:\Users\Ashvin\.gemini\antigravity\scratch\InternshipManagementSystem\InternshipManagementSystem.csproj]
C:\Users\Ashvin\.gemini\antigravity\scratch\InternshipManagementSystem\ApiControllers\StudentsApiController.cs(33,25): warning CS8601: Possible null reference assignment. [C:\Users\Ashvin\.gemini\antigravity\scratch\InternshipManagementSystem\InternshipManagementSystem.csproj]
C:\Users\Ashvin\.gemini\antigravity\scratch\InternshipManagementSystem\ApiControllers\StudentsApiController.cs(52,24): warning CS8601: Possible null reference assignment. [C:\Users\Ashvin\.gemini\antigravity\scratch\InternshipManagementSystem\InternshipManagementSystem.csproj]
C:\Users\Ashvin\.gemini\antigravity\scratch\InternshipManagementSystem\ApiControllers\StudentsApiController.cs(53,25): warning CS8601: Possible null reference assignment. [C:\Users\Ashvin\.gemini\antigravity\scratch\InternshipManagementSystem\InternshipManagementSystem.csproj]
C:\Users\Ashvin\.gemini\antigravity\scratch\InternshipManagementSystem\ApiControllers\GuidesApiController.cs(30,24): warning CS8601: Possible null reference assignment. [C:\Users\Ashvin\.gemini\antigravity\scratch\InternshipManagementSystem\InternshipManagementSystem.csproj]
C:\Users\Ashvin\.gemini\antigravity\scratch\InternshipManagementSystem\ApiControllers\GuidesApiController.cs(31,25): warning CS8601: Possible null reference assignment. [C:\Users\Ashvin\.gemini\antigravity\scratch\InternshipManagementSystem\InternshipManagementSystem.csproj]
C:\Users\Ashvin\.gemini\antigravity\scratch\InternshipManagementSystem\ApiControllers\GuidesApiController.cs(49,24): warning CS8601: Possible null reference assignment. [C:\Users\Ashvin\.gemini\antigravity\scratch\InternshipManagementSystem\InternshipManagementSystem.csproj]
C:\Users\Ashvin\.gemini\antigravity\scratch\InternshipManagementSystem\ApiControllers\GuidesApiController.cs(50,25): warning CS8601: Possible null reference assignment. [C:\Users\Ashvin\.gemini\antigravity\scratch\InternshipManagementSystem\InternshipManagementSystem.csproj]
C:\Users\Ashvin\.gemini\antigravity\scratch\InternshipManagementSystem\ApiControllers\DocumentsApiController.cs(39,66): warning CS8625: Cannot convert null literal to non-nullable reference type. [C:\Users\Ashvin\.gemini\antigravity\scratch\InternshipManagementSystem\InternshipManagementSystem.csproj]
C:\Users\Ashvin\.gemini\antigravity\scratch\InternshipManagementSystem\ApiControllers\DiariesApiController.cs(28,27): error CS1061: 'DailyDiary' does not contain a definition for 'Title' and no accessible extension method 'Title' accepting a first argument of type 'DailyDiary' could be found (are you missing a using directive or an assembly reference?) [C:\Users\Ashvin\.gemini\antigravity\scratch\InternshipManagementSystem\InternshipManagementSystem.csproj]
C:\Users\Ashvin\.gemini\antigravity\scratch\InternshipManagementSystem\ApiControllers\DiariesApiController.cs(29,33): error CS1061: 'DailyDiary' does not contain a definition for 'Description' and no accessible extension method 'Description' accepting a first argument of type 'DailyDiary' could be found (are you missing a using directive or an assembly reference?) [C:\Users\Ashvin\.gemini\antigravity\scratch\InternshipManagementSystem\InternshipManagementSystem.csproj]
C:\Users\Ashvin\.gemini\antigravity\scratch\InternshipManagementSystem\ApiControllers\DiariesApiController.cs(32,32): warning CS8601: Possible null reference assignment. [C:\Users\Ashvin\.gemini\antigravity\scratch\InternshipManagementSystem\InternshipManagementSystem.csproj]
C:\Users\Ashvin\.gemini\antigravity\scratch\InternshipManagementSystem\ApiControllers\DiariesApiController.cs(44,50): warning CS8625: Cannot convert null literal to non-nullable reference type. [C:\Users\Ashvin\.gemini\antigravity\scratch\InternshipManagementSystem\InternshipManagementSystem.csproj]
C:\Users\Ashvin\.gemini\antigravity\scratch\InternshipManagementSystem\Services\StudentService.cs(28,20): warning CS8603: Possible null reference return. [C:\Users\Ashvin\.gemini\antigravity\scratch\InternshipManagementSystem\InternshipManagementSystem.csproj]
C:\Users\Ashvin\.gemini\antigravity\scratch\InternshipManagementSystem\Services\StudentService.cs(91,20): warning CS8603: Possible null reference return. [C:\Users\Ashvin\.gemini\antigravity\scratch\InternshipManagementSystem\InternshipManagementSystem.csproj]
C:\Users\Ashvin\.gemini\antigravity\scratch\InternshipManagementSystem\Services\StudentService.cs(106,38): warning CS8601: Possible null reference assignment. [C:\Users\Ashvin\.gemini\antigravity\scratch\InternshipManagementSystem\InternshipManagementSystem.csproj]
C:\Users\Ashvin\.gemini\antigravity\scratch\InternshipManagementSystem\Services\GuideService.cs(28,20): warning CS8603: Possible null reference return. [C:\Users\Ashvin\.gemini\antigravity\scratch\InternshipManagementSystem\InternshipManagementSystem.csproj]
C:\Users\Ashvin\.gemini\antigravity\scratch\InternshipManagementSystem\Controllers\AccountController.cs(25,17): warning CS8602: Dereference of a possibly null reference. [C:\Users\Ashvin\.gemini\antigravity\scratch\InternshipManagementSystem\InternshipManagementSystem.csproj]
C:\Users\Ashvin\.gemini\antigravity\scratch\InternshipManagementSystem\Controllers\AccountController.cs(27,44): warning CS8604: Possible null reference argument for parameter 'role' in 'IActionResult AccountController.RedirectToDashboard(string role)'. [C:\Users\Ashvin\.gemini\antigravity\scratch\InternshipManagementSystem\InternshipManagementSystem.csproj]
C:\Users\Ashvin\.gemini\antigravity\scratch\InternshipManagementSystem\DTOs\TaskDto.cs(10,23): warning CS8618: Non-nullable property 'Title' must contain a non-null value when exiting constructor. Consider adding the 'required' modifier or declaring the property as nullable. [C:\Users\Ashvin\.gemini\antigravity\scratch\InternshipManagementSystem\InternshipManagementSystem.csproj]
C:\Users\Ashvin\.gemini\antigravity\scratch\InternshipManagementSystem\DTOs\TaskDto.cs(11,23): warning CS8618: Non-nullable property 'Description' must contain a non-null value when exiting constructor. Consider adding the 'required' modifier or declaring the property as nullable. [C:\Users\Ashvin\.gemini\antigravity\scratch\InternshipManagementSystem\InternshipManagementSystem.csproj]
C:\Users\Ashvin\.gemini\antigravity\scratch\InternshipManagementSystem\DTOs\TaskDto.cs(13,23): warning CS8618: Non-nullable property 'Status' must contain a non-null value when exiting constructor. Consider adding the 'required' modifier or declaring the property as nullable. [C:\Users\Ashvin\.gemini\antigravity\scratch\InternshipManagementSystem\InternshipManagementSystem.csproj]
C:\Users\Ashvin\.gemini\antigravity\scratch\InternshipManagementSystem\DTOs\StudentDto.cs(7,23): warning CS8618: Non-nullable property 'EnrollmentNumber' must contain a non-null value when exiting constructor. Consider adding the 'required' modifier or declaring the property as nullable. [C:\Users\Ashvin\.gemini\antigravity\scratch\InternshipManagementSystem\InternshipManagementSystem.csproj]
C:\Users\Ashvin\.gemini\antigravity\scratch\InternshipManagementSystem\DTOs\StudentDto.cs(8,23): warning CS8618: Non-nullable property 'Department' must contain a non-null value when exiting constructor. Consider adding the 'required' modifier or declaring the property as nullable. [C:\Users\Ashvin\.gemini\antigravity\scratch\InternshipManagementSystem\InternshipManagementSystem.csproj]
C:\Users\Ashvin\.gemini\antigravity\scratch\InternshipManagementSystem\DTOs\StudentDto.cs(10,23): warning CS8618: Non-nullable property 'Name' must contain a non-null value when exiting constructor. Consider adding the 'required' modifier or declaring the property as nullable. [C:\Users\Ashvin\.gemini\antigravity\scratch\InternshipManagementSystem\InternshipManagementSystem.csproj]
C:\Users\Ashvin\.gemini\antigravity\scratch\InternshipManagementSystem\DTOs\StudentDto.cs(11,23): warning CS8618: Non-nullable property 'Email' must contain a non-null value when exiting constructor. Consider adding the 'required' modifier or declaring the property as nullable. [C:\Users\Ashvin\.gemini\antigravity\scratch\InternshipManagementSystem\InternshipManagementSystem.csproj]
C:\Users\Ashvin\.gemini\antigravity\scratch\InternshipManagementSystem\DTOs\GuideDto.cs(7,23): warning CS8618: Non-nullable property 'Department' must contain a non-null value when exiting constructor. Consider adding the 'required' modifier or declaring the property as nullable. [C:\Users\Ashvin\.gemini\antigravity\scratch\InternshipManagementSystem\InternshipManagementSystem.csproj]
C:\Users\Ashvin\.gemini\antigravity\scratch\InternshipManagementSystem\DTOs\GuideDto.cs(8,23): warning CS8618: Non-nullable property 'Designation' must contain a non-null value when exiting constructor. Consider adding the 'required' modifier or declaring the property as nullable. [C:\Users\Ashvin\.gemini\antigravity\scratch\InternshipManagementSystem\InternshipManagementSystem.csproj]
C:\Users\Ashvin\.gemini\antigravity\scratch\InternshipManagementSystem\DTOs\GuideDto.cs(9,23): warning CS8618: Non-nullable property 'Name' must contain a non-null value when exiting constructor. Consider adding the 'required' modifier or declaring the property as nullable. [C:\Users\Ashvin\.gemini\antigravity\scratch\InternshipManagementSystem\InternshipManagementSystem.csproj]
C:\Users\Ashvin\.gemini\antigravity\scratch\InternshipManagementSystem\DTOs\GuideDto.cs(10,23): warning CS8618: Non-nullable property 'Email' must contain a non-null value when exiting constructor. Consider adding the 'required' modifier or declaring the property as nullable. [C:\Users\Ashvin\.gemini\antigravity\scratch\InternshipManagementSystem\InternshipManagementSystem.csproj]
C:\Users\Ashvin\.gemini\antigravity\scratch\InternshipManagementSystem\DTOs\DocumentDto.cs(9,23): warning CS8618: Non-nullable property 'FileName' must contain a non-null value when exiting constructor. Consider adding the 'required' modifier or declaring the property as nullable. [C:\Users\Ashvin\.gemini\antigravity\scratch\InternshipManagementSystem\InternshipManagementSystem.csproj]
C:\Users\Ashvin\.gemini\antigravity\scratch\InternshipManagementSystem\DTOs\DocumentDto.cs(10,23): warning CS8618: Non-nullable property 'FilePath' must contain a non-null value when exiting constructor. Consider adding the 'required' modifier or declaring the property as nullable. [C:\Users\Ashvin\.gemini\antigravity\scratch\InternshipManagementSystem\InternshipManagementSystem.csproj]
C:\Users\Ashvin\.gemini\antigravity\scratch\InternshipManagementSystem\DTOs\DailyDiaryDto.cs(10,23): warning CS8618: Non-nullable property 'Title' must contain a non-null value when exiting constructor. Consider adding the 'required' modifier or declaring the property as nullable. [C:\Users\Ashvin\.gemini\antigravity\scratch\InternshipManagementSystem\InternshipManagementSystem.csproj]
C:\Users\Ashvin\.gemini\antigravity\scratch\InternshipManagementSystem\DTOs\DailyDiaryDto.cs(11,23): warning CS8618: Non-nullable property 'Description' must contain a non-null value when exiting constructor. Consider adding the 'required' modifier or declaring the property as nullable. [C:\Users\Ashvin\.gemini\antigravity\scratch\InternshipManagementSystem\InternshipManagementSystem.csproj]
C:\Users\Ashvin\.gemini\antigravity\scratch\InternshipManagementSystem\DTOs\DailyDiaryDto.cs(12,23): warning CS8618: Non-nullable property 'Status' must contain a non-null value when exiting constructor. Consider adding the 'required' modifier or declaring the property as nullable. [C:\Users\Ashvin\.gemini\antigravity\scratch\InternshipManagementSystem\InternshipManagementSystem.csproj]
C:\Users\Ashvin\.gemini\antigravity\scratch\InternshipManagementSystem\DTOs\DailyDiaryDto.cs(13,23): warning CS8618: Non-nullable property 'GuideComment' must contain a non-null value when exiting constructor. Consider adding the 'required' modifier or declaring the property as nullable. [C:\Users\Ashvin\.gemini\antigravity\scratch\InternshipManagementSystem\InternshipManagementSystem.csproj]
C:\Users\Ashvin\.gemini\antigravity\scratch\InternshipManagementSystem\Controllers\StudentController.cs(187,42): warning CS8601: Possible null reference assignment. [C:\Users\Ashvin\.gemini\antigravity\scratch\InternshipManagementSystem\InternshipManagementSystem.csproj]
C:\Users\Ashvin\.gemini\antigravity\scratch\InternshipManagementSystem\Services\GuideService.cs(144,20): warning CS8603: Possible null reference return. [C:\Users\Ashvin\.gemini\antigravity\scratch\InternshipManagementSystem\InternshipManagementSystem.csproj]
C:\Users\Ashvin\.gemini\antigravity\scratch\InternshipManagementSystem\Views\Shared\_Layout.cshtml(72,10): warning CS8602: Dereference of a possibly null reference. [C:\Users\Ashvin\.gemini\antigravity\scratch\InternshipManagementSystem\InternshipManagementSystem.csproj]
C:\Users\Ashvin\.gemini\antigravity\scratch\InternshipManagementSystem\Services\DocumentService.cs(29,20): warning CS8603: Possible null reference return. [C:\Users\Ashvin\.gemini\antigravity\scratch\InternshipManagementSystem\InternshipManagementSystem.csproj]
C:\Users\Ashvin\.gemini\antigravity\scratch\InternshipManagementSystem\Models\WeeklyReport.cs(13,24): warning CS8618: Non-nullable property 'Student' must contain a non-null value when exiting constructor. Consider adding the 'required' modifier or declaring the property as nullable. [C:\Users\Ashvin\.gemini\antigravity\scratch\InternshipManagementSystem\InternshipManagementSystem.csproj]
C:\Users\Ashvin\.gemini\antigravity\scratch\InternshipManagementSystem\Models\WeeklyReport.cs(18,23): warning CS8618: Non-nullable property 'Summary' must contain a non-null value when exiting constructor. Consider adding the 'required' modifier or declaring the property as nullable. [C:\Users\Ashvin\.gemini\antigravity\scratch\InternshipManagementSystem\InternshipManagementSystem.csproj]
C:\Users\Ashvin\.gemini\antigravity\scratch\InternshipManagementSystem\Models\User.cs(13,23): warning CS8618: Non-nullable property 'Name' must contain a non-null value when exiting constructor. Consider adding the 'required' modifier or declaring the property as nullable. [C:\Users\Ashvin\.gemini\antigravity\scratch\InternshipManagementSystem\InternshipManagementSystem.csproj]
C:\Users\Ashvin\.gemini\antigravity\scratch\InternshipManagementSystem\Models\User.cs(18,23): warning CS8618: Non-nullable property 'Email' must contain a non-null value when exiting constructor. Consider adding the 'required' modifier or declaring the property as nullable. [C:\Users\Ashvin\.gemini\antigravity\scratch\InternshipManagementSystem\InternshipManagementSystem.csproj]
C:\Users\Ashvin\.gemini\antigravity\scratch\InternshipManagementSystem\Models\User.cs(22,23): warning CS8618: Non-nullable property 'Password' must contain a non-null value when exiting constructor. Consider adding the 'required' modifier or declaring the property as nullable. [C:\Users\Ashvin\.gemini\antigravity\scratch\InternshipManagementSystem\InternshipManagementSystem.csproj]
C:\Users\Ashvin\.gemini\antigravity\scratch\InternshipManagementSystem\Models\User.cs(26,23): warning CS8618: Non-nullable property 'Role' must contain a non-null value when exiting constructor. Consider adding the 'required' modifier or declaring the property as nullable. [C:\Users\Ashvin\.gemini\antigravity\scratch\InternshipManagementSystem\InternshipManagementSystem.csproj]
C:\Users\Ashvin\.gemini\antigravity\scratch\InternshipManagementSystem\Models\ApiResponse.cs(6,23): warning CS8618: Non-nullable property 'Message' must contain a non-null value when exiting constructor. Consider adding the 'required' modifier or declaring the property as nullable. [C:\Users\Ashvin\.gemini\antigravity\scratch\InternshipManagementSystem\InternshipManagementSystem.csproj]
C:\Users\Ashvin\.gemini\antigravity\scratch\InternshipManagementSystem\Models\ApiResponse.cs(7,18): warning CS8618: Non-nullable property 'Data' must contain a non-null value when exiting constructor. Consider adding the 'required' modifier or declaring the property as nullable. [C:\Users\Ashvin\.gemini\antigravity\scratch\InternshipManagementSystem\InternshipManagementSystem.csproj]
C:\Users\Ashvin\.gemini\antigravity\scratch\InternshipManagementSystem\Models\Student.cs(13,21): warning CS8618: Non-nullable property 'User' must contain a non-null value when exiting constructor. Consider adding the 'required' modifier or declaring the property as nullable. [C:\Users\Ashvin\.gemini\antigravity\scratch\InternshipManagementSystem\InternshipManagementSystem.csproj]
C:\Users\Ashvin\.gemini\antigravity\scratch\InternshipManagementSystem\Models\Student.cs(17,23): warning CS8618: Non-nullable property 'EnrollmentNumber' must contain a non-null value when exiting constructor. Consider adding the 'required' modifier or declaring the property as nullable. [C:\Users\Ashvin\.gemini\antigravity\scratch\InternshipManagementSystem\InternshipManagementSystem.csproj]
C:\Users\Ashvin\.gemini\antigravity\scratch\InternshipManagementSystem\Models\Student.cs(21,23): warning CS8618: Non-nullable property 'Department' must contain a non-null value when exiting constructor. Consider adding the 'required' modifier or declaring the property as nullable. [C:\Users\Ashvin\.gemini\antigravity\scratch\InternshipManagementSystem\InternshipManagementSystem.csproj]
C:\Users\Ashvin\.gemini\antigravity\scratch\InternshipManagementSystem\Models\DailyDiary.cs(14,24): warning CS8618: Non-nullable property 'Student' must contain a non-null value when exiting constructor. Consider adding the 'required' modifier or declaring the property as nullable. [C:\Users\Ashvin\.gemini\antigravity\scratch\InternshipManagementSystem\InternshipManagementSystem.csproj]
C:\Users\Ashvin\.gemini\antigravity\scratch\InternshipManagementSystem\Models\DailyDiary.cs(19,23): warning CS8618: Non-nullable property 'WorkDescription' must contain a non-null value when exiting constructor. Consider adding the 'required' modifier or declaring the property as nullable. [C:\Users\Ashvin\.gemini\antigravity\scratch\InternshipManagementSystem\InternshipManagementSystem.csproj]
C:\Users\Ashvin\.gemini\antigravity\scratch\InternshipManagementSystem\Models\InternshipTask.cs(14,22): warning CS8618: Non-nullable property 'Guide' must contain a non-null value when exiting constructor. Consider adding the 'required' modifier or declaring the property as nullable. [C:\Users\Ashvin\.gemini\antigravity\scratch\InternshipManagementSystem\InternshipManagementSystem.csproj]
C:\Users\Ashvin\.gemini\antigravity\scratch\InternshipManagementSystem\Models\InternshipTask.cs(18,24): warning CS8618: Non-nullable property 'Student' must contain a non-null value when exiting constructor. Consider adding the 'required' modifier or declaring the property as nullable. [C:\Users\Ashvin\.gemini\antigravity\scratch\InternshipManagementSystem\InternshipManagementSystem.csproj]
C:\Users\Ashvin\.gemini\antigravity\scratch\InternshipManagementSystem\Models\InternshipTask.cs(22,23): warning CS8618: Non-nullable property 'Title' must contain a non-null value when exiting constructor. Consider adding the 'required' modifier or declaring the property as nullable. [C:\Users\Ashvin\.gemini\antigravity\scratch\InternshipManagementSystem\InternshipManagementSystem.csproj]
C:\Users\Ashvin\.gemini\antigravity\scratch\InternshipManagementSystem\Models\Document.cs(14,24): warning CS8618: Non-nullable property 'Student' must contain a non-null value when exiting constructor. Consider adding the 'required' modifier or declaring the property as nullable. [C:\Users\Ashvin\.gemini\antigravity\scratch\InternshipManagementSystem\InternshipManagementSystem.csproj]
C:\Users\Ashvin\.gemini\antigravity\scratch\InternshipManagementSystem\Models\Document.cs(18,23): warning CS8618: Non-nullable property 'FileName' must contain a non-null value when exiting constructor. Consider adding the 'required' modifier or declaring the property as nullable. [C:\Users\Ashvin\.gemini\antigravity\scratch\InternshipManagementSystem\InternshipManagementSystem.csproj]
C:\Users\Ashvin\.gemini\antigravity\scratch\InternshipManagementSystem\Models\Document.cs(21,23): warning CS8618: Non-nullable property 'FilePath' must contain a non-null value when exiting constructor. Consider adding the 'required' modifier or declaring the property as nullable. [C:\Users\Ashvin\.gemini\antigravity\scratch\InternshipManagementSystem\InternshipManagementSystem.csproj]
C:\Users\Ashvin\.gemini\antigravity\scratch\InternshipManagementSystem\Services\DailyDiaryService.cs(39,20): warning CS8603: Possible null reference return. [C:\Users\Ashvin\.gemini\antigravity\scratch\InternshipManagementSystem\InternshipManagementSystem.csproj]
C:\Users\Ashvin\.gemini\antigravity\scratch\InternshipManagementSystem\Models\InternshipDetails.cs(14,24): warning CS8618: Non-nullable property 'Student' must contain a non-null value when exiting constructor. Consider adding the 'required' modifier or declaring the property as nullable. [C:\Users\Ashvin\.gemini\antigravity\scratch\InternshipManagementSystem\InternshipManagementSystem.csproj]
C:\Users\Ashvin\.gemini\antigravity\scratch\InternshipManagementSystem\Models\InternshipDetails.cs(18,23): warning CS8618: Non-nullable property 'CompanyName' must contain a non-null value when exiting constructor. Consider adding the 'required' modifier or declaring the property as nullable. [C:\Users\Ashvin\.gemini\antigravity\scratch\InternshipManagementSystem\InternshipManagementSystem.csproj]
C:\Users\Ashvin\.gemini\antigravity\scratch\InternshipManagementSystem\Models\InternshipDetails.cs(22,23): warning CS8618: Non-nullable property 'Role' must contain a non-null value when exiting constructor. Consider adding the 'required' modifier or declaring the property as nullable. [C:\Users\Ashvin\.gemini\antigravity\scratch\InternshipManagementSystem\InternshipManagementSystem.csproj]
C:\Users\Ashvin\.gemini\antigravity\scratch\InternshipManagementSystem\Models\InternshipDetails.cs(25,23): warning CS8618: Non-nullable property 'TechnologyUsed' must contain a non-null value when exiting constructor. Consider adding the 'required' modifier or declaring the property as nullable. [C:\Users\Ashvin\.gemini\antigravity\scratch\InternshipManagementSystem\InternshipManagementSystem.csproj]
C:\Users\Ashvin\.gemini\antigravity\scratch\InternshipManagementSystem\Models\GuideAssignment.cs(13,22): warning CS8618: Non-nullable property 'Guide' must contain a non-null value when exiting constructor. Consider adding the 'required' modifier or declaring the property as nullable. [C:\Users\Ashvin\.gemini\antigravity\scratch\InternshipManagementSystem\InternshipManagementSystem.csproj]
C:\Users\Ashvin\.gemini\antigravity\scratch\InternshipManagementSystem\Models\GuideAssignment.cs(17,24): warning CS8618: Non-nullable property 'Student' must contain a non-null value when exiting constructor. Consider adding the 'required' modifier or declaring the property as nullable. [C:\Users\Ashvin\.gemini\antigravity\scratch\InternshipManagementSystem\InternshipManagementSystem.csproj]
C:\Users\Ashvin\.gemini\antigravity\scratch\InternshipManagementSystem\Models\Feedback.cs(13,22): warning CS8618: Non-nullable property 'Guide' must contain a non-null value when exiting constructor. Consider adding the 'required' modifier or declaring the property as nullable. [C:\Users\Ashvin\.gemini\antigravity\scratch\InternshipManagementSystem\InternshipManagementSystem.csproj]
C:\Users\Ashvin\.gemini\antigravity\scratch\InternshipManagementSystem\Models\Feedback.cs(17,24): warning CS8618: Non-nullable property 'Student' must contain a non-null value when exiting constructor. Consider adding the 'required' modifier or declaring the property as nullable. [C:\Users\Ashvin\.gemini\antigravity\scratch\InternshipManagementSystem\InternshipManagementSystem.csproj]
C:\Users\Ashvin\.gemini\antigravity\scratch\InternshipManagementSystem\Models\Guide.cs(13,21): warning CS8618: Non-nullable property 'User' must contain a non-null value when exiting constructor. Consider adding the 'required' modifier or declaring the property as nullable. [C:\Users\Ashvin\.gemini\antigravity\scratch\InternshipManagementSystem\InternshipManagementSystem.csproj]
C:\Users\Ashvin\.gemini\antigravity\scratch\InternshipManagementSystem\Models\Guide.cs(17,23): warning CS8618: Non-nullable property 'Department' must contain a non-null value when exiting constructor. Consider adding the 'required' modifier or declaring the property as nullable. [C:\Users\Ashvin\.gemini\antigravity\scratch\InternshipManagementSystem\InternshipManagementSystem.csproj]
C:\Users\Ashvin\.gemini\antigravity\scratch\InternshipManagementSystem\Models\Guide.cs(21,23): warning CS8618: Non-nullable property 'Designation' must contain a non-null value when exiting constructor. Consider adding the 'required' modifier or declaring the property as nullable. [C:\Users\Ashvin\.gemini\antigravity\scratch\InternshipManagementSystem\InternshipManagementSystem.csproj]

Build FAILED.

C:\Users\Ashvin\.gemini\antigravity\scratch\InternshipManagementSystem\Models\ApiResponse.cs(14,69): warning CS8601: Possible null reference assignment. [C:\Users\Ashvin\.gemini\antigravity\scratch\InternshipManagementSystem\InternshipManagementSystem.csproj]
C:\Users\Ashvin\.gemini\antigravity\scratch\InternshipManagementSystem\ViewModels\LoginViewModel.cs(9,23): warning CS8618: Non-nullable property 'Email' must contain a non-null value when exiting constructor. Consider adding the 'required' modifier or declaring the property as nullable. [C:\Users\Ashvin\.gemini\antigravity\scratch\InternshipManagementSystem\InternshipManagementSystem.csproj]
C:\Users\Ashvin\.gemini\antigravity\scratch\InternshipManagementSystem\ViewModels\LoginViewModel.cs(13,23): warning CS8618: Non-nullable property 'Password' must contain a non-null value when exiting constructor. Consider adding the 'required' modifier or declaring the property as nullable. [C:\Users\Ashvin\.gemini\antigravity\scratch\InternshipManagementSystem\InternshipManagementSystem.csproj]
C:\Users\Ashvin\.gemini\antigravity\scratch\InternshipManagementSystem\ViewModels\InternshipDetailsViewModel.cs(9,23): warning CS8618: Non-nullable property 'CompanyName' must contain a non-null value when exiting constructor. Consider adding the 'required' modifier or declaring the property as nullable. [C:\Users\Ashvin\.gemini\antigravity\scratch\InternshipManagementSystem\InternshipManagementSystem.csproj]
C:\Users\Ashvin\.gemini\antigravity\scratch\InternshipManagementSystem\ViewModels\InternshipDetailsViewModel.cs(13,23): warning CS8618: Non-nullable property 'Role' must contain a non-null value when exiting constructor. Consider adding the 'required' modifier or declaring the property as nullable. [C:\Users\Ashvin\.gemini\antigravity\scratch\InternshipManagementSystem\InternshipManagementSystem.csproj]
C:\Users\Ashvin\.gemini\antigravity\scratch\InternshipManagementSystem\ViewModels\CreateStudentViewModel.cs(9,23): warning CS8618: Non-nullable property 'Name' must contain a non-null value when exiting constructor. Consider adding the 'required' modifier or declaring the property as nullable. [C:\Users\Ashvin\.gemini\antigravity\scratch\InternshipManagementSystem\InternshipManagementSystem.csproj]
C:\Users\Ashvin\.gemini\antigravity\scratch\InternshipManagementSystem\ViewModels\CreateStudentViewModel.cs(14,23): warning CS8618: Non-nullable property 'Email' must contain a non-null value when exiting constructor. Consider adding the 'required' modifier or declaring the property as nullable. [C:\Users\Ashvin\.gemini\antigravity\scratch\InternshipManagementSystem\InternshipManagementSystem.csproj]
C:\Users\Ashvin\.gemini\antigravity\scratch\InternshipManagementSystem\ViewModels\CreateStudentViewModel.cs(17,23): warning CS8618: Non-nullable property 'Password' must contain a non-null value when exiting constructor. Consider adding the 'required' modifier or declaring the property as nullable. [C:\Users\Ashvin\.gemini\antigravity\scratch\InternshipManagementSystem\InternshipManagementSystem.csproj]
C:\Users\Ashvin\.gemini\antigravity\scratch\InternshipManagementSystem\ViewModels\CreateStudentViewModel.cs(22,23): warning CS8618: Non-nullable property 'EnrollmentNumber' must contain a non-null value when exiting constructor. Consider adding the 'required' modifier or declaring the property as nullable. [C:\Users\Ashvin\.gemini\antigravity\scratch\InternshipManagementSystem\InternshipManagementSystem.csproj]
C:\Users\Ashvin\.gemini\antigravity\scratch\InternshipManagementSystem\ViewModels\CreateStudentViewModel.cs(26,23): warning CS8618: Non-nullable property 'Department' must contain a non-null value when exiting constructor. Consider adding the 'required' modifier or declaring the property as nullable. [C:\Users\Ashvin\.gemini\antigravity\scratch\InternshipManagementSystem\InternshipManagementSystem.csproj]
C:\Users\Ashvin\.gemini\antigravity\scratch\InternshipManagementSystem\ViewModels\CreateGuideViewModel.cs(9,23): warning CS8618: Non-nullable property 'Name' must contain a non-null value when exiting constructor. Consider adding the 'required' modifier or declaring the property as nullable. [C:\Users\Ashvin\.gemini\antigravity\scratch\InternshipManagementSystem\InternshipManagementSystem.csproj]
C:\Users\Ashvin\.gemini\antigravity\scratch\InternshipManagementSystem\ViewModels\CreateGuideViewModel.cs(14,23): warning CS8618: Non-nullable property 'Email' must contain a non-null value when exiting constructor. Consider adding the 'required' modifier or declaring the property as nullable. [C:\Users\Ashvin\.gemini\antigravity\scratch\InternshipManagementSystem\InternshipManagementSystem.csproj]
C:\Users\Ashvin\.gemini\antigravity\scratch\InternshipManagementSystem\ViewModels\CreateGuideViewModel.cs(17,23): warning CS8618: Non-nullable property 'Password' must contain a non-null value when exiting constructor. Consider adding the 'required' modifier or declaring the property as nullable. [C:\Users\Ashvin\.gemini\antigravity\scratch\InternshipManagementSystem\InternshipManagementSystem.csproj]
C:\Users\Ashvin\.gemini\antigravity\scratch\InternshipManagementSystem\ViewModels\CreateGuideViewModel.cs(21,23): warning CS8618: Non-nullable property 'Department' must contain a non-null value when exiting constructor. Consider adding the 'required' modifier or declaring the property as nullable. [C:\Users\Ashvin\.gemini\antigravity\scratch\InternshipManagementSystem\InternshipManagementSystem.csproj]
C:\Users\Ashvin\.gemini\antigravity\scratch\InternshipManagementSystem\ViewModels\CreateGuideViewModel.cs(25,23): warning CS8618: Non-nullable property 'Designation' must contain a non-null value when exiting constructor. Consider adding the 'required' modifier or declaring the property as nullable. [C:\Users\Ashvin\.gemini\antigravity\scratch\InternshipManagementSystem\InternshipManagementSystem.csproj]
C:\Users\Ashvin\.gemini\antigravity\scratch\InternshipManagementSystem\ViewModels\AssignTaskViewModel.cs(12,23): warning CS8618: Non-nullable property 'Title' must contain a non-null value when exiting constructor. Consider adding the 'required' modifier or declaring the property as nullable. [C:\Users\Ashvin\.gemini\antigravity\scratch\InternshipManagementSystem\InternshipManagementSystem.csproj]
C:\Users\Ashvin\.gemini\antigravity\scratch\InternshipManagementSystem\ViewModels\AssignTaskViewModel.cs(14,23): warning CS8618: Non-nullable property 'Description' must contain a non-null value when exiting constructor. Consider adding the 'required' modifier or declaring the property as nullable. [C:\Users\Ashvin\.gemini\antigravity\scratch\InternshipManagementSystem\InternshipManagementSystem.csproj]
C:\Users\Ashvin\.gemini\antigravity\scratch\InternshipManagementSystem\ApiControllers\TasksApiController.cs(49,23): warning CS8618: Non-nullable property 'Status' must contain a non-null value when exiting constructor. Consider adding the 'required' modifier or declaring the property as nullable. [C:\Users\Ashvin\.gemini\antigravity\scratch\InternshipManagementSystem\InternshipManagementSystem.csproj]
C:\Users\Ashvin\.gemini\antigravity\scratch\InternshipManagementSystem\ApiControllers\TasksApiController.cs(29,31): warning CS8601: Possible null reference assignment. [C:\Users\Ashvin\.gemini\antigravity\scratch\InternshipManagementSystem\InternshipManagementSystem.csproj]
C:\Users\Ashvin\.gemini\antigravity\scratch\InternshipManagementSystem\ApiControllers\TasksApiController.cs(41,66): warning CS8625: Cannot convert null literal to non-nullable reference type. [C:\Users\Ashvin\.gemini\antigravity\scratch\InternshipManagementSystem\InternshipManagementSystem.csproj]
C:\Users\Ashvin\.gemini\antigravity\scratch\InternshipManagementSystem\ApiControllers\StudentsApiController.cs(32,24): warning CS8601: Possible null reference assignment. [C:\Users\Ashvin\.gemini\antigravity\scratch\InternshipManagementSystem\InternshipManagementSystem.csproj]
C:\Users\Ashvin\.gemini\antigravity\scratch\InternshipManagementSystem\ApiControllers\StudentsApiController.cs(33,25): warning CS8601: Possible null reference assignment. [C:\Users\Ashvin\.gemini\antigravity\scratch\InternshipManagementSystem\InternshipManagementSystem.csproj]
C:\Users\Ashvin\.gemini\antigravity\scratch\InternshipManagementSystem\ApiControllers\StudentsApiController.cs(52,24): warning CS8601: Possible null reference assignment. [C:\Users\Ashvin\.gemini\antigravity\scratch\InternshipManagementSystem\InternshipManagementSystem.csproj]
C:\Users\Ashvin\.gemini\antigravity\scratch\InternshipManagementSystem\ApiControllers\StudentsApiController.cs(53,25): warning CS8601: Possible null reference assignment. [C:\Users\Ashvin\.gemini\antigravity\scratch\InternshipManagementSystem\InternshipManagementSystem.csproj]
C:\Users\Ashvin\.gemini\antigravity\scratch\InternshipManagementSystem\ApiControllers\GuidesApiController.cs(30,24): warning CS8601: Possible null reference assignment. [C:\Users\Ashvin\.gemini\antigravity\scratch\InternshipManagementSystem\InternshipManagementSystem.csproj]
C:\Users\Ashvin\.gemini\antigravity\scratch\InternshipManagementSystem\ApiControllers\GuidesApiController.cs(31,25): warning CS8601: Possible null reference assignment. [C:\Users\Ashvin\.gemini\antigravity\scratch\InternshipManagementSystem\InternshipManagementSystem.csproj]
C:\Users\Ashvin\.gemini\antigravity\scratch\InternshipManagementSystem\ApiControllers\GuidesApiController.cs(49,24): warning CS8601: Possible null reference assignment. [C:\Users\Ashvin\.gemini\antigravity\scratch\InternshipManagementSystem\InternshipManagementSystem.csproj]
C:\Users\Ashvin\.gemini\antigravity\scratch\InternshipManagementSystem\ApiControllers\GuidesApiController.cs(50,25): warning CS8601: Possible null reference assignment. [C:\Users\Ashvin\.gemini\antigravity\scratch\InternshipManagementSystem\InternshipManagementSystem.csproj]
C:\Users\Ashvin\.gemini\antigravity\scratch\InternshipManagementSystem\ApiControllers\DocumentsApiController.cs(39,66): warning CS8625: Cannot convert null literal to non-nullable reference type. [C:\Users\Ashvin\.gemini\antigravity\scratch\InternshipManagementSystem\InternshipManagementSystem.csproj]
C:\Users\Ashvin\.gemini\antigravity\scratch\InternshipManagementSystem\ApiControllers\DiariesApiController.cs(32,32): warning CS8601: Possible null reference assignment. [C:\Users\Ashvin\.gemini\antigravity\scratch\InternshipManagementSystem\InternshipManagementSystem.csproj]
C:\Users\Ashvin\.gemini\antigravity\scratch\InternshipManagementSystem\ApiControllers\DiariesApiController.cs(44,50): warning CS8625: Cannot convert null literal to non-nullable reference type. [C:\Users\Ashvin\.gemini\antigravity\scratch\InternshipManagementSystem\InternshipManagementSystem.csproj]
C:\Users\Ashvin\.gemini\antigravity\scratch\InternshipManagementSystem\Services\StudentService.cs(28,20): warning CS8603: Possible null reference return. [C:\Users\Ashvin\.gemini\antigravity\scratch\InternshipManagementSystem\InternshipManagementSystem.csproj]
C:\Users\Ashvin\.gemini\antigravity\scratch\InternshipManagementSystem\Services\StudentService.cs(91,20): warning CS8603: Possible null reference return. [C:\Users\Ashvin\.gemini\antigravity\scratch\InternshipManagementSystem\InternshipManagementSystem.csproj]
C:\Users\Ashvin\.gemini\antigravity\scratch\InternshipManagementSystem\Services\StudentService.cs(106,38): warning CS8601: Possible null reference assignment. [C:\Users\Ashvin\.gemini\antigravity\scratch\InternshipManagementSystem\InternshipManagementSystem.csproj]
C:\Users\Ashvin\.gemini\antigravity\scratch\InternshipManagementSystem\Services\GuideService.cs(28,20): warning CS8603: Possible null reference return. [C:\Users\Ashvin\.gemini\antigravity\scratch\InternshipManagementSystem\InternshipManagementSystem.csproj]
C:\Users\Ashvin\.gemini\antigravity\scratch\InternshipManagementSystem\Controllers\AccountController.cs(25,17): warning CS8602: Dereference of a possibly null reference. [C:\Users\Ashvin\.gemini\antigravity\scratch\InternshipManagementSystem\InternshipManagementSystem.csproj]
C:\Users\Ashvin\.gemini\antigravity\scratch\InternshipManagementSystem\Controllers\AccountController.cs(27,44): warning CS8604: Possible null reference argument for parameter 'role' in 'IActionResult AccountController.RedirectToDashboard(string role)'. [C:\Users\Ashvin\.gemini\antigravity\scratch\InternshipManagementSystem\InternshipManagementSystem.csproj]
C:\Users\Ashvin\.gemini\antigravity\scratch\InternshipManagementSystem\DTOs\TaskDto.cs(10,23): warning CS8618: Non-nullable property 'Title' must contain a non-null value when exiting constructor. Consider adding the 'required' modifier or declaring the property as nullable. [C:\Users\Ashvin\.gemini\antigravity\scratch\InternshipManagementSystem\InternshipManagementSystem.csproj]
C:\Users\Ashvin\.gemini\antigravity\scratch\InternshipManagementSystem\DTOs\TaskDto.cs(11,23): warning CS8618: Non-nullable property 'Description' must contain a non-null value when exiting constructor. Consider adding the 'required' modifier or declaring the property as nullable. [C:\Users\Ashvin\.gemini\antigravity\scratch\InternshipManagementSystem\InternshipManagementSystem.csproj]
C:\Users\Ashvin\.gemini\antigravity\scratch\InternshipManagementSystem\DTOs\TaskDto.cs(13,23): warning CS8618: Non-nullable property 'Status' must contain a non-null value when exiting constructor. Consider adding the 'required' modifier or declaring the property as nullable. [C:\Users\Ashvin\.gemini\antigravity\scratch\InternshipManagementSystem\InternshipManagementSystem.csproj]
C:\Users\Ashvin\.gemini\antigravity\scratch\InternshipManagementSystem\DTOs\StudentDto.cs(7,23): warning CS8618: Non-nullable property 'EnrollmentNumber' must contain a non-null value when exiting constructor. Consider adding the 'required' modifier or declaring the property as nullable. [C:\Users\Ashvin\.gemini\antigravity\scratch\InternshipManagementSystem\InternshipManagementSystem.csproj]
C:\Users\Ashvin\.gemini\antigravity\scratch\InternshipManagementSystem\DTOs\StudentDto.cs(8,23): warning CS8618: Non-nullable property 'Department' must contain a non-null value when exiting constructor. Consider adding the 'required' modifier or declaring the property as nullable. [C:\Users\Ashvin\.gemini\antigravity\scratch\InternshipManagementSystem\InternshipManagementSystem.csproj]
C:\Users\Ashvin\.gemini\antigravity\scratch\InternshipManagementSystem\DTOs\StudentDto.cs(10,23): warning CS8618: Non-nullable property 'Name' must contain a non-null value when exiting constructor. Consider adding the 'required' modifier or declaring the property as nullable. [C:\Users\Ashvin\.gemini\antigravity\scratch\InternshipManagementSystem\InternshipManagementSystem.csproj]
C:\Users\Ashvin\.gemini\antigravity\scratch\InternshipManagementSystem\DTOs\StudentDto.cs(11,23): warning CS8618: Non-nullable property 'Email' must contain a non-null value when exiting constructor. Consider adding the 'required' modifier or declaring the property as nullable. [C:\Users\Ashvin\.gemini\antigravity\scratch\InternshipManagementSystem\InternshipManagementSystem.csproj]
C:\Users\Ashvin\.gemini\antigravity\scratch\InternshipManagementSystem\DTOs\GuideDto.cs(7,23): warning CS8618: Non-nullable property 'Department' must contain a non-null value when exiting constructor. Consider adding the 'required' modifier or declaring the property as nullable. [C:\Users\Ashvin\.gemini\antigravity\scratch\InternshipManagementSystem\InternshipManagementSystem.csproj]
C:\Users\Ashvin\.gemini\antigravity\scratch\InternshipManagementSystem\DTOs\GuideDto.cs(8,23): warning CS8618: Non-nullable property 'Designation' must contain a non-null value when exiting constructor. Consider adding the 'required' modifier or declaring the property as nullable. [C:\Users\Ashvin\.gemini\antigravity\scratch\InternshipManagementSystem\InternshipManagementSystem.csproj]
C:\Users\Ashvin\.gemini\antigravity\scratch\InternshipManagementSystem\DTOs\GuideDto.cs(9,23): warning CS8618: Non-nullable property 'Name' must contain a non-null value when exiting constructor. Consider adding the 'required' modifier or declaring the property as nullable. [C:\Users\Ashvin\.gemini\antigravity\scratch\InternshipManagementSystem\InternshipManagementSystem.csproj]
C:\Users\Ashvin\.gemini\antigravity\scratch\InternshipManagementSystem\DTOs\GuideDto.cs(10,23): warning CS8618: Non-nullable property 'Email' must contain a non-null value when exiting constructor. Consider adding the 'required' modifier or declaring the property as nullable. [C:\Users\Ashvin\.gemini\antigravity\scratch\InternshipManagementSystem\InternshipManagementSystem.csproj]
C:\Users\Ashvin\.gemini\antigravity\scratch\InternshipManagementSystem\DTOs\DocumentDto.cs(9,23): warning CS8618: Non-nullable property 'FileName' must contain a non-null value when exiting constructor. Consider adding the 'required' modifier or declaring the property as nullable. [C:\Users\Ashvin\.gemini\antigravity\scratch\InternshipManagementSystem\InternshipManagementSystem.csproj]
C:\Users\Ashvin\.gemini\antigravity\scratch\InternshipManagementSystem\DTOs\DocumentDto.cs(10,23): warning CS8618: Non-nullable property 'FilePath' must contain a non-null value when exiting constructor. Consider adding the 'required' modifier or declaring the property as nullable. [C:\Users\Ashvin\.gemini\antigravity\scratch\InternshipManagementSystem\InternshipManagementSystem.csproj]
C:\Users\Ashvin\.gemini\antigravity\scratch\InternshipManagementSystem\DTOs\DailyDiaryDto.cs(10,23): warning CS8618: Non-nullable property 'Title' must contain a non-null value when exiting constructor. Consider adding the 'required' modifier or declaring the property as nullable. [C:\Users\Ashvin\.gemini\antigravity\scratch\InternshipManagementSystem\InternshipManagementSystem.csproj]
C:\Users\Ashvin\.gemini\antigravity\scratch\InternshipManagementSystem\DTOs\DailyDiaryDto.cs(11,23): warning CS8618: Non-nullable property 'Description' must contain a non-null value when exiting constructor. Consider adding the 'required' modifier or declaring the property as nullable. [C:\Users\Ashvin\.gemini\antigravity\scratch\InternshipManagementSystem\InternshipManagementSystem.csproj]
C:\Users\Ashvin\.gemini\antigravity\scratch\InternshipManagementSystem\DTOs\DailyDiaryDto.cs(12,23): warning CS8618: Non-nullable property 'Status' must contain a non-null value when exiting constructor. Consider adding the 'required' modifier or declaring the property as nullable. [C:\Users\Ashvin\.gemini\antigravity\scratch\InternshipManagementSystem\InternshipManagementSystem.csproj]
C:\Users\Ashvin\.gemini\antigravity\scratch\InternshipManagementSystem\DTOs\DailyDiaryDto.cs(13,23): warning CS8618: Non-nullable property 'GuideComment' must contain a non-null value when exiting constructor. Consider adding the 'required' modifier or declaring the property as nullable. [C:\Users\Ashvin\.gemini\antigravity\scratch\InternshipManagementSystem\InternshipManagementSystem.csproj]
C:\Users\Ashvin\.gemini\antigravity\scratch\InternshipManagementSystem\Controllers\StudentController.cs(187,42): warning CS8601: Possible null reference assignment. [C:\Users\Ashvin\.gemini\antigravity\scratch\InternshipManagementSystem\InternshipManagementSystem.csproj]
C:\Users\Ashvin\.gemini\antigravity\scratch\InternshipManagementSystem\Services\GuideService.cs(144,20): warning CS8603: Possible null reference return. [C:\Users\Ashvin\.gemini\antigravity\scratch\InternshipManagementSystem\InternshipManagementSystem.csproj]
C:\Users\Ashvin\.gemini\antigravity\scratch\InternshipManagementSystem\Views\Shared\_Layout.cshtml(72,10): warning CS8602: Dereference of a possibly null reference. [C:\Users\Ashvin\.gemini\antigravity\scratch\InternshipManagementSystem\InternshipManagementSystem.csproj]
C:\Users\Ashvin\.gemini\antigravity\scratch\InternshipManagementSystem\Services\DocumentService.cs(29,20): warning CS8603: Possible null reference return. [C:\Users\Ashvin\.gemini\antigravity\scratch\InternshipManagementSystem\InternshipManagementSystem.csproj]
C:\Users\Ashvin\.gemini\antigravity\scratch\InternshipManagementSystem\Models\WeeklyReport.cs(13,24): warning CS8618: Non-nullable property 'Student' must contain a non-null value when exiting constructor. Consider adding the 'required' modifier or declaring the property as nullable. [C:\Users\Ashvin\.gemini\antigravity\scratch\InternshipManagementSystem\InternshipManagementSystem.csproj]
C:\Users\Ashvin\.gemini\antigravity\scratch\InternshipManagementSystem\Models\WeeklyReport.cs(18,23): warning CS8618: Non-nullable property 'Summary' must contain a non-null value when exiting constructor. Consider adding the 'required' modifier or declaring the property as nullable. [C:\Users\Ashvin\.gemini\antigravity\scratch\InternshipManagementSystem\InternshipManagementSystem.csproj]
C:\Users\Ashvin\.gemini\antigravity\scratch\InternshipManagementSystem\Models\User.cs(13,23): warning CS8618: Non-nullable property 'Name' must contain a non-null value when exiting constructor. Consider adding the 'required' modifier or declaring the property as nullable. [C:\Users\Ashvin\.gemini\antigravity\scratch\InternshipManagementSystem\InternshipManagementSystem.csproj]
C:\Users\Ashvin\.gemini\antigravity\scratch\InternshipManagementSystem\Models\User.cs(18,23): warning CS8618: Non-nullable property 'Email' must contain a non-null value when exiting constructor. Consider adding the 'required' modifier or declaring the property as nullable. [C:\Users\Ashvin\.gemini\antigravity\scratch\InternshipManagementSystem\InternshipManagementSystem.csproj]
C:\Users\Ashvin\.gemini\antigravity\scratch\InternshipManagementSystem\Models\User.cs(22,23): warning CS8618: Non-nullable property 'Password' must contain a non-null value when exiting constructor. Consider adding the 'required' modifier or declaring the property as nullable. [C:\Users\Ashvin\.gemini\antigravity\scratch\InternshipManagementSystem\InternshipManagementSystem.csproj]
C:\Users\Ashvin\.gemini\antigravity\scratch\InternshipManagementSystem\Models\User.cs(26,23): warning CS8618: Non-nullable property 'Role' must contain a non-null value when exiting constructor. Consider adding the 'required' modifier or declaring the property as nullable. [C:\Users\Ashvin\.gemini\antigravity\scratch\InternshipManagementSystem\InternshipManagementSystem.csproj]
C:\Users\Ashvin\.gemini\antigravity\scratch\InternshipManagementSystem\Models\ApiResponse.cs(6,23): warning CS8618: Non-nullable property 'Message' must contain a non-null value when exiting constructor. Consider adding the 'required' modifier or declaring the property as nullable. [C:\Users\Ashvin\.gemini\antigravity\scratch\InternshipManagementSystem\InternshipManagementSystem.csproj]
C:\Users\Ashvin\.gemini\antigravity\scratch\InternshipManagementSystem\Models\ApiResponse.cs(7,18): warning CS8618: Non-nullable property 'Data' must contain a non-null value when exiting constructor. Consider adding the 'required' modifier or declaring the property as nullable. [C:\Users\Ashvin\.gemini\antigravity\scratch\InternshipManagementSystem\InternshipManagementSystem.csproj]
C:\Users\Ashvin\.gemini\antigravity\scratch\InternshipManagementSystem\Models\Student.cs(13,21): warning CS8618: Non-nullable property 'User' must contain a non-null value when exiting constructor. Consider adding the 'required' modifier or declaring the property as nullable. [C:\Users\Ashvin\.gemini\antigravity\scratch\InternshipManagementSystem\InternshipManagementSystem.csproj]
C:\Users\Ashvin\.gemini\antigravity\scratch\InternshipManagementSystem\Models\Student.cs(17,23): warning CS8618: Non-nullable property 'EnrollmentNumber' must contain a non-null value when exiting constructor. Consider adding the 'required' modifier or declaring the property as nullable. [C:\Users\Ashvin\.gemini\antigravity\scratch\InternshipManagementSystem\InternshipManagementSystem.csproj]
C:\Users\Ashvin\.gemini\antigravity\scratch\InternshipManagementSystem\Models\Student.cs(21,23): warning CS8618: Non-nullable property 'Department' must contain a non-null value when exiting constructor. Consider adding the 'required' modifier or declaring the property as nullable. [C:\Users\Ashvin\.gemini\antigravity\scratch\InternshipManagementSystem\InternshipManagementSystem.csproj]
C:\Users\Ashvin\.gemini\antigravity\scratch\InternshipManagementSystem\Models\DailyDiary.cs(14,24): warning CS8618: Non-nullable property 'Student' must contain a non-null value when exiting constructor. Consider adding the 'required' modifier or declaring the property as nullable. [C:\Users\Ashvin\.gemini\antigravity\scratch\InternshipManagementSystem\InternshipManagementSystem.csproj]
C:\Users\Ashvin\.gemini\antigravity\scratch\InternshipManagementSystem\Models\DailyDiary.cs(19,23): warning CS8618: Non-nullable property 'WorkDescription' must contain a non-null value when exiting constructor. Consider adding the 'required' modifier or declaring the property as nullable. [C:\Users\Ashvin\.gemini\antigravity\scratch\InternshipManagementSystem\InternshipManagementSystem.csproj]
C:\Users\Ashvin\.gemini\antigravity\scratch\InternshipManagementSystem\Models\InternshipTask.cs(14,22): warning CS8618: Non-nullable property 'Guide' must contain a non-null value when exiting constructor. Consider adding the 'required' modifier or declaring the property as nullable. [C:\Users\Ashvin\.gemini\antigravity\scratch\InternshipManagementSystem\InternshipManagementSystem.csproj]
C:\Users\Ashvin\.gemini\antigravity\scratch\InternshipManagementSystem\Models\InternshipTask.cs(18,24): warning CS8618: Non-nullable property 'Student' must contain a non-null value when exiting constructor. Consider adding the 'required' modifier or declaring the property as nullable. [C:\Users\Ashvin\.gemini\antigravity\scratch\InternshipManagementSystem\InternshipManagementSystem.csproj]
C:\Users\Ashvin\.gemini\antigravity\scratch\InternshipManagementSystem\Models\InternshipTask.cs(22,23): warning CS8618: Non-nullable property 'Title' must contain a non-null value when exiting constructor. Consider adding the 'required' modifier or declaring the property as nullable. [C:\Users\Ashvin\.gemini\antigravity\scratch\InternshipManagementSystem\InternshipManagementSystem.csproj]
C:\Users\Ashvin\.gemini\antigravity\scratch\InternshipManagementSystem\Models\Document.cs(14,24): warning CS8618: Non-nullable property 'Student' must contain a non-null value when exiting constructor. Consider adding the 'required' modifier or declaring the property as nullable. [C:\Users\Ashvin\.gemini\antigravity\scratch\InternshipManagementSystem\InternshipManagementSystem.csproj]
C:\Users\Ashvin\.gemini\antigravity\scratch\InternshipManagementSystem\Models\Document.cs(18,23): warning CS8618: Non-nullable property 'FileName' must contain a non-null value when exiting constructor. Consider adding the 'required' modifier or declaring the property as nullable. [C:\Users\Ashvin\.gemini\antigravity\scratch\InternshipManagementSystem\InternshipManagementSystem.csproj]
C:\Users\Ashvin\.gemini\antigravity\scratch\InternshipManagementSystem\Models\Document.cs(21,23): warning CS8618: Non-nullable property 'FilePath' must contain a non-null value when exiting constructor. Consider adding the 'required' modifier or declaring the property as nullable. [C:\Users\Ashvin\.gemini\antigravity\scratch\InternshipManagementSystem\InternshipManagementSystem.csproj]
C:\Users\Ashvin\.gemini\antigravity\scratch\InternshipManagementSystem\Services\DailyDiaryService.cs(39,20): warning CS8603: Possible null reference return. [C:\Users\Ashvin\.gemini\antigravity\scratch\InternshipManagementSystem\InternshipManagementSystem.csproj]
C:\Users\Ashvin\.gemini\antigravity\scratch\InternshipManagementSystem\Models\InternshipDetails.cs(14,24): warning CS8618: Non-nullable property 'Student' must contain a non-null value when exiting constructor. Consider adding the 'required' modifier or declaring the property as nullable. [C:\Users\Ashvin\.gemini\antigravity\scratch\InternshipManagementSystem\InternshipManagementSystem.csproj]
C:\Users\Ashvin\.gemini\antigravity\scratch\InternshipManagementSystem\Models\InternshipDetails.cs(18,23): warning CS8618: Non-nullable property 'CompanyName' must contain a non-null value when exiting constructor. Consider adding the 'required' modifier or declaring the property as nullable. [C:\Users\Ashvin\.gemini\antigravity\scratch\InternshipManagementSystem\InternshipManagementSystem.csproj]
C:\Users\Ashvin\.gemini\antigravity\scratch\InternshipManagementSystem\Models\InternshipDetails.cs(22,23): warning CS8618: Non-nullable property 'Role' must contain a non-null value when exiting constructor. Consider adding the 'required' modifier or declaring the property as nullable. [C:\Users\Ashvin\.gemini\antigravity\scratch\InternshipManagementSystem\InternshipManagementSystem.csproj]
C:\Users\Ashvin\.gemini\antigravity\scratch\InternshipManagementSystem\Models\InternshipDetails.cs(25,23): warning CS8618: Non-nullable property 'TechnologyUsed' must contain a non-null value when exiting constructor. Consider adding the 'required' modifier or declaring the property as nullable. [C:\Users\Ashvin\.gemini\antigravity\scratch\InternshipManagementSystem\InternshipManagementSystem.csproj]
C:\Users\Ashvin\.gemini\antigravity\scratch\InternshipManagementSystem\Models\GuideAssignment.cs(13,22): warning CS8618: Non-nullable property 'Guide' must contain a non-null value when exiting constructor. Consider adding the 'required' modifier or declaring the property as nullable. [C:\Users\Ashvin\.gemini\antigravity\scratch\InternshipManagementSystem\InternshipManagementSystem.csproj]
C:\Users\Ashvin\.gemini\antigravity\scratch\InternshipManagementSystem\Models\GuideAssignment.cs(17,24): warning CS8618: Non-nullable property 'Student' must contain a non-null value when exiting constructor. Consider adding the 'required' modifier or declaring the property as nullable. [C:\Users\Ashvin\.gemini\antigravity\scratch\InternshipManagementSystem\InternshipManagementSystem.csproj]
C:\Users\Ashvin\.gemini\antigravity\scratch\InternshipManagementSystem\Models\Feedback.cs(13,22): warning CS8618: Non-nullable property 'Guide' must contain a non-null value when exiting constructor. Consider adding the 'required' modifier or declaring the property as nullable. [C:\Users\Ashvin\.gemini\antigravity\scratch\InternshipManagementSystem\InternshipManagementSystem.csproj]
C:\Users\Ashvin\.gemini\antigravity\scratch\InternshipManagementSystem\Models\Feedback.cs(17,24): warning CS8618: Non-nullable property 'Student' must contain a non-null value when exiting constructor. Consider adding the 'required' modifier or declaring the property as nullable. [C:\Users\Ashvin\.gemini\antigravity\scratch\InternshipManagementSystem\InternshipManagementSystem.csproj]
C:\Users\Ashvin\.gemini\antigravity\scratch\InternshipManagementSystem\Models\Guide.cs(13,21): warning CS8618: Non-nullable property 'User' must contain a non-null value when exiting constructor. Consider adding the 'required' modifier or declaring the property as nullable. [C:\Users\Ashvin\.gemini\antigravity\scratch\InternshipManagementSystem\InternshipManagementSystem.csproj]
C:\Users\Ashvin\.gemini\antigravity\scratch\InternshipManagementSystem\Models\Guide.cs(17,23): warning CS8618: Non-nullable property 'Department' must contain a non-null value when exiting constructor. Consider adding the 'required' modifier or declaring the property as nullable. [C:\Users\Ashvin\.gemini\antigravity\scratch\InternshipManagementSystem\InternshipManagementSystem.csproj]
C:\Users\Ashvin\.gemini\antigravity\scratch\InternshipManagementSystem\Models\Guide.cs(21,23): warning CS8618: Non-nullable property 'Designation' must contain a non-null value when exiting constructor. Consider adding the 'required' modifier or declaring the property as nullable. [C:\Users\Ashvin\.gemini\antigravity\scratch\InternshipManagementSystem\InternshipManagementSystem.csproj]
C:\Users\Ashvin\.gemini\antigravity\scratch\InternshipManagementSystem\ApiControllers\DiariesApiController.cs(28,27): error CS1061: 'DailyDiary' does not contain a definition for 'Title' and no accessible extension method 'Title' accepting a first argument of type 'DailyDiary' could be found (are you missing a using directive or an assembly reference?) [C:\Users\Ashvin\.gemini\antigravity\scratch\InternshipManagementSystem\InternshipManagementSystem.csproj]
C:\Users\Ashvin\.gemini\antigravity\scratch\InternshipManagementSystem\ApiControllers\DiariesApiController.cs(29,33): error CS1061: 'DailyDiary' does not contain a definition for 'Description' and no accessible extension method 'Description' accepting a first argument of type 'DailyDiary' could be found (are you missing a using directive or an assembly reference?) [C:\Users\Ashvin\.gemini\antigravity\scratch\InternshipManagementSystem\InternshipManagementSystem.csproj]
    89 Warning(s)
    2 Error(s)

Time Elapsed 00:00:03.49
